Archive member included to satisfy reference by file (symbol)

D:/Users/admin/Desktop/work/Toolchain/arm-gnu-toolchain-14.3.rel1/bin/../lib/gcc/arm-none-eabi/14.3.1/thumb/v7e-m+dp/hard\libgcc.a(_aeabi_uldivmod.o)
                              cmake/stm32cubemx/CMakeFiles/STM32_Drivers.dir/__/__/Drivers/STM32H7xx_HAL_Driver/Src/stm32h7xx_hal_uart.c.obj (__aeabi_uldivmod)
D:/Users/admin/Desktop/work/Toolchain/arm-gnu-toolchain-14.3.rel1/bin/../lib/gcc/arm-none-eabi/14.3.1/thumb/v7e-m+dp/hard\libgcc.a(_udivmoddi4.o)
                              D:/Users/admin/Desktop/work/Toolchain/arm-gnu-toolchain-14.3.rel1/bin/../lib/gcc/arm-none-eabi/14.3.1/thumb/v7e-m+dp/hard\libgcc.a(_aeabi_uldivmod.o) (__udivmoddi4)
D:/Users/admin/Desktop/work/Toolchain/arm-gnu-toolchain-14.3.rel1/bin/../lib/gcc/arm-none-eabi/14.3.1/thumb/v7e-m+dp/hard\libgcc.a(_dvmd_tls.o)
                              D:/Users/admin/Desktop/work/Toolchain/arm-gnu-toolchain-14.3.rel1/bin/../lib/gcc/arm-none-eabi/14.3.1/thumb/v7e-m+dp/hard\libgcc.a(_aeabi_uldivmod.o) (__aeabi_ldiv0)
D:/Users/admin/Desktop/work/Toolchain/arm-gnu-toolchain-14.3.rel1/bin/../lib/gcc/arm-none-eabi/14.3.1/../../../../arm-none-eabi/lib/thumb/v7e-m+dp/hard\libg_nano.a(libc_a-exit.o)
                              D:/Users/admin/Desktop/work/Toolchain/arm-gnu-toolchain-14.3.rel1/bin/../lib/gcc/arm-none-eabi/14.3.1/../../../../arm-none-eabi/lib/thumb/v7e-m+dp/hard/crt0.o (exit)
D:/Users/admin/Desktop/work/Toolchain/arm-gnu-toolchain-14.3.rel1/bin/../lib/gcc/arm-none-eabi/14.3.1/../../../../arm-none-eabi/lib/thumb/v7e-m+dp/hard\libg_nano.a(libc_a-findfp.o)
                              D:/Users/admin/Desktop/work/Toolchain/arm-gnu-toolchain-14.3.rel1/bin/../lib/gcc/arm-none-eabi/14.3.1/../../../../arm-none-eabi/lib/thumb/v7e-m+dp/hard\libg_nano.a(libc_a-exit.o) (__stdio_exit_handler)
D:/Users/admin/Desktop/work/Toolchain/arm-gnu-toolchain-14.3.rel1/bin/../lib/gcc/arm-none-eabi/14.3.1/../../../../arm-none-eabi/lib/thumb/v7e-m+dp/hard\libg_nano.a(libc_a-fwalk.o)
                              D:/Users/admin/Desktop/work/Toolchain/arm-gnu-toolchain-14.3.rel1/bin/../lib/gcc/arm-none-eabi/14.3.1/../../../../arm-none-eabi/lib/thumb/v7e-m+dp/hard\libg_nano.a(libc_a-findfp.o) (_fwalk_sglue)
D:/Users/admin/Desktop/work/Toolchain/arm-gnu-toolchain-14.3.rel1/bin/../lib/gcc/arm-none-eabi/14.3.1/../../../../arm-none-eabi/lib/thumb/v7e-m+dp/hard\libg_nano.a(libc_a-stdio.o)
                              D:/Users/admin/Desktop/work/Toolchain/arm-gnu-toolchain-14.3.rel1/bin/../lib/gcc/arm-none-eabi/14.3.1/../../../../arm-none-eabi/lib/thumb/v7e-m+dp/hard\libg_nano.a(libc_a-findfp.o) (__sread)
D:/Users/admin/Desktop/work/Toolchain/arm-gnu-toolchain-14.3.rel1/bin/../lib/gcc/arm-none-eabi/14.3.1/../../../../arm-none-eabi/lib/thumb/v7e-m+dp/hard\libg_nano.a(libc_a-memset.o)
                              D:/Users/admin/Desktop/work/Toolchain/arm-gnu-toolchain-14.3.rel1/bin/../lib/gcc/arm-none-eabi/14.3.1/../../../../arm-none-eabi/lib/thumb/v7e-m+dp/hard/crt0.o (memset)
D:/Users/admin/Desktop/work/Toolchain/arm-gnu-toolchain-14.3.rel1/bin/../lib/gcc/arm-none-eabi/14.3.1/../../../../arm-none-eabi/lib/thumb/v7e-m+dp/hard\libg_nano.a(libc_a-closer.o)
                              D:/Users/admin/Desktop/work/Toolchain/arm-gnu-toolchain-14.3.rel1/bin/../lib/gcc/arm-none-eabi/14.3.1/../../../../arm-none-eabi/lib/thumb/v7e-m+dp/hard\libg_nano.a(libc_a-stdio.o) (_close_r)
D:/Users/admin/Desktop/work/Toolchain/arm-gnu-toolchain-14.3.rel1/bin/../lib/gcc/arm-none-eabi/14.3.1/../../../../arm-none-eabi/lib/thumb/v7e-m+dp/hard\libg_nano.a(libc_a-reent.o)
                              D:/Users/admin/Desktop/work/Toolchain/arm-gnu-toolchain-14.3.rel1/bin/../lib/gcc/arm-none-eabi/14.3.1/../../../../arm-none-eabi/lib/thumb/v7e-m+dp/hard\libg_nano.a(libc_a-closer.o) (errno)
D:/Users/admin/Desktop/work/Toolchain/arm-gnu-toolchain-14.3.rel1/bin/../lib/gcc/arm-none-eabi/14.3.1/../../../../arm-none-eabi/lib/thumb/v7e-m+dp/hard\libg_nano.a(libc_a-impure.o)
                              D:/Users/admin/Desktop/work/Toolchain/arm-gnu-toolchain-14.3.rel1/bin/../lib/gcc/arm-none-eabi/14.3.1/../../../../arm-none-eabi/lib/thumb/v7e-m+dp/hard\libg_nano.a(libc_a-reent.o) (_impure_ptr)
D:/Users/admin/Desktop/work/Toolchain/arm-gnu-toolchain-14.3.rel1/bin/../lib/gcc/arm-none-eabi/14.3.1/../../../../arm-none-eabi/lib/thumb/v7e-m+dp/hard\libg_nano.a(libc_a-lseekr.o)
                              D:/Users/admin/Desktop/work/Toolchain/arm-gnu-toolchain-14.3.rel1/bin/../lib/gcc/arm-none-eabi/14.3.1/../../../../arm-none-eabi/lib/thumb/v7e-m+dp/hard\libg_nano.a(libc_a-stdio.o) (_lseek_r)
D:/Users/admin/Desktop/work/Toolchain/arm-gnu-toolchain-14.3.rel1/bin/../lib/gcc/arm-none-eabi/14.3.1/../../../../arm-none-eabi/lib/thumb/v7e-m+dp/hard\libg_nano.a(libc_a-readr.o)
[...]
Memory Configuration

Name             Origin             Length             Attributes
DTCMRAM          0x20000000         0x00020000         xrw
RAM_D1           0x24000000         0x00050000         xrw
RAM_D2           0x30000000         0x00008000         xrw
RAM_D3           0x38000000         0x00004000         xrw
ITCMRAM          0x00000000         0x00010000         xrw
FLASH            0x08000000         0x00100000         xr
*default*        0x00000000         0xffffffff

Linker script and memory map

LOAD D:/Users/admin/Desktop/work/Toolchain/arm-gnu-toolchain-14.3.rel1/bin/../lib/gcc/arm-none-eabi/14.3.1/thumb/v7e-m+dp/hard/crti.o
LOAD D:/Users/admin/Desktop/work/Toolchain/arm-gnu-toolchain-14.3.rel1/bin/../lib/gcc/arm-none-eabi/14.3.1/thumb/v7e-m+dp/hard/crtbegin.o
LOAD D:/Users/admin/Desktop/work/Toolchain/arm-gnu-toolchain-14.3.rel1/bin/../lib/gcc/arm-none-eabi/14.3.1/../../../../arm-none-eabi/lib/thumb/v7e-m+dp/hard/crt0.o
LOAD cmake/stm32cubemx/CMakeFiles/STM32_Drivers.dir/__/__/Core/Src/system_stm32h7xx.c.obj
LOAD cmake/stm32cubemx/CMakeFiles/STM32_Drivers.dir/__/__/Drivers/STM32H7xx_HAL_Driver/Src/stm32h7xx_hal_adc.c.obj
LOAD cmake/stm32cubemx/CMakeFiles/STM32_Drivers.dir/__/__/Drivers/STM32H7xx_HAL_Driver/Src/stm32h7xx_hal_adc_ex.c.obj
LOAD cmake/stm32cubemx/CMakeFiles/STM32_Drivers.dir/__/__/Drivers/STM32H7xx_HAL_Driver/Src/stm32h7xx_hal_rcc.c.obj
LOAD cmake/stm32cubemx/CMakeFiles/STM32_Drivers.dir/__/__/Drivers/STM32H7xx_HAL_Driver/Src/stm32h7xx_hal_rcc_ex.c.obj
LOAD cmake/stm32cubemx/CMakeFiles/STM32_Drivers.dir/__/__/Drivers/STM32H7xx_HAL_Driver/Src/stm32h7xx_hal_flash.c.obj
LOAD cmake/stm32cubemx/CMakeFiles/STM32_Drivers.dir/__/__/Drivers/STM32H7xx_HAL_Driver/Src/stm32h7xx_hal_flash_ex.c.obj
LOAD cmake/stm32cubemx/CMakeFiles/STM32_Drivers.dir/__/__/Drivers/STM32H7xx_HAL_Driver/Src/stm32h7xx_hal_gpio.c.obj
LOAD cmake/stm32cubemx/CMakeFiles/STM32_Drivers.dir/__/__/Drivers/STM32H7xx_HAL_Driver/Src/stm32h7xx_hal_hsem.c.obj
LOAD cmake/stm32cubemx/CMakeFiles/STM32_Drivers.dir/__/__/Drivers/STM32H7xx_HAL_Driver/Src/stm32h7xx_hal_dma.c.obj
LOAD cmake/stm32cubemx/CMakeFiles/STM32_Drivers.dir/__/__/Drivers/STM32H7xx_HAL_Driver/Src/stm32h7xx_hal_dma_ex.c.obj
LOAD cmake/stm32cubemx/CMakeFiles/STM32_Drivers.dir/__/__/Drivers/STM32H7xx_HAL_Driver/Src/stm32h7xx_hal_mdma.c.obj
LOAD cmake/stm32cubemx/CMakeFiles/STM32_Drivers.dir/__/__/Drivers/STM32H7xx_HAL_Driver/Src/stm32h7xx_hal_pwr.c.obj
LOAD cmake/stm32cubemx/CMakeFiles/STM32_Drivers.dir/__/__/Drivers/STM32H7xx_HAL_Driver/Src/stm32h7xx_hal_pwr_ex.c.obj
LOAD cmake/stm32cubemx/CMakeFiles/STM32_Drivers.dir/__/__/Drivers/STM32H7xx_HAL_Driver/Src/stm32h7xx_hal_cortex.c.obj
LOAD cmake/stm32cubemx/CMakeFiles/STM32_Drivers.dir/__/__/Drivers/STM32H7xx_HAL_Driver/Src/stm32h7xx_hal.c.obj
LOAD cmake/stm32cubemx/CMakeFiles/STM32_Drivers.dir/__/__/Drivers/STM32H7xx_HAL_Driver/Src/stm32h7xx_hal_i2c.c.obj
LOAD cmake/stm32cubemx/CMakeFiles/STM32_Drivers.dir/__/__/Drivers/STM32H7xx_HAL_Driver/Src/stm32h7xx_hal_i2c_ex.c.obj
LOAD cmake/stm32cubemx/CMakeFiles/STM32_Drivers.dir/__/__/Drivers/STM32H7xx_HAL_Driver/Src/stm32h7xx_hal_exti.c.obj
LOAD cmake/stm32cubemx/CMakeFiles/STM32_Drivers.dir/__/__/Drivers/STM32H7xx_HAL_Driver/Src/stm32h7xx_hal_fdcan.c.obj
LOAD cmake/stm32cubemx/CMakeFiles/STM32_Drivers.dir/__/__/Drivers/STM32H7xx_HAL_Driver/Src/stm32h7xx_hal_spi.c.obj
LOAD cmake/stm32cubemx/CMakeFiles/STM32_Drivers.dir/__/__/Drivers/STM32H7xx_HAL_Driver/Src/stm32h7xx_hal_spi_ex.c.obj
LOAD cmake/stm32cubemx/CMakeFiles/STM32_Drivers.dir/__/__/Drivers/STM32H7xx_HAL_Driver/Src/stm32h7xx_hal_tim.c.obj
LOAD cmake/stm32cubemx/CMakeFiles/STM32_Drivers.dir/__/__/Drivers/STM32H7xx_HAL_Driver/Src/stm32h7xx_hal_tim_ex.c.obj
LOAD cmake/stm32cubemx/CMakeFiles/STM32_Drivers.dir/__/__/Drivers/STM32H7xx_HAL_Driver/Src/stm32h7xx_hal_uart.c.obj
LOAD cmake/stm32cubemx/CMakeFiles/STM32_Drivers.dir/__/__/Drivers/STM32H7xx_HAL_Driver/Src/stm32h7xx_hal_uart_ex.c.obj
LOAD CMakeFiles/TY_H723_CMake_1.dir/Core/Src/main.c.obj
LOAD CMakeFiles/TY_H723_CMake_1.dir/Core/Src/gpio.c.obj
LOAD CMakeFiles/TY_H723_CMake_1.dir/Core/Src/adc.c.obj
LOAD CMakeFiles/TY_H723_CMake_1.dir/Core/Src/fdcan.c.obj
LOAD CMakeFiles/TY_H723_CMake_1.dir/Core/Src/i2c.c.obj
LOAD CMakeFiles/TY_H723_CMake_1.dir/Core/Src/spi.c.obj
LOAD CMakeFiles/TY_H723_CMake_1.dir/Core/Src/tim.c.obj
LOAD CMakeFiles/TY_H723_CMake_1.dir/Core/Src/usart.c.obj
LOAD CMakeFiles/TY_H723_CMake_1.dir/Core/Src/stm32h7xx_it.c.obj
LOAD CMakeFiles/TY_H723_CMake_1.dir/Core/Src/stm32h7xx_hal_msp.c.obj
LOAD CMakeFiles/TY_H723_CMake_1.dir/Core/Src/sysmem.c.obj
LOAD CMakeFiles/TY_H723_CMake_1.dir/Core/Src/syscalls.c.obj
LOAD CMakeFiles/TY_H723_CMake_1.dir/startup_stm32h723xx.s.obj
LOAD CMakeFiles/TY_H723_CMake_1.dir/User/App/api_main.cpp.obj
LOAD D:/Users/admin/Desktop/work/Toolchain/arm-gnu-toolchain-14.3.rel1/bin/../lib/gcc/arm-none-eabi/14.3.1/../../../../arm-none-eabi/lib/thumb/v7e-m+dp/hard\libstdc++_nano.a
LOAD D:/Users/admin/Desktop/work/Toolchain/arm-gnu-toolchain-14.3.rel1/bin/../lib/gcc/arm-none-eabi/14.3.1/../../../../arm-none-eabi/lib/thumb/v7e-m+dp/hard\libm.a
START GROUP
LOAD D:/Users/admin/Desktop/work/Toolchain/arm-gnu-toolchain-14.3.rel1/bin/../lib/gcc/arm-none-eabi/14.3.1/thumb/v7e-m+dp/hard\libgcc.a
LOAD D:/Users/admin/Desktop/work/Toolchain/arm-gnu-toolchain-14.3.rel1/bin/../lib/gcc/arm-none-eabi/14.3.1/../../../../arm-none-eabi/lib/thumb/v7e-m+dp/hard\libg_nano.a
LOAD D:/Users/admin/Desktop/work/Toolchain/arm-gnu-toolchain-14.3.rel1/bin/../lib/gcc/arm-none-eabi/14.3.1/../../../../arm-none-eabi/lib/thumb/v7e-m+dp/hard\libc_nano.a
END GROUP
START GROUP
LOAD D:/Users/admin/Desktop/work/Toolchain/arm-gnu-toolchain-14.3.rel1/bin/../lib/gcc/arm-none-eabi/14.3.1/thumb/v7e-m+dp/hard\libgcc.a
LOAD D:/Users/admin/Desktop/work/Toolchain/arm-gnu-toolchain-14.3.rel1/bin/../lib/gcc/arm-none-eabi/14.3.1/../../../../arm-none-eabi/lib/thumb/v7e-m+dp/hard\libc_nano.a
END GROUP
LOAD D:/Users/admin/Desktop/work/Toolchain/arm-gnu-toolchain-14.3.rel1/bin/../lib/gcc/arm-none-eabi/14.3.1/thumb/v7e-m+dp/hard/crtend.o
LOAD D:/Users/admin/Desktop/work/Toolchain/arm-gnu-toolchain-14.3.rel1/bin/../lib/gcc/arm-none-eabi/14.3.1/thumb/v7e-m+dp/hard/crtn.o
                0x20020000                        _estack = (ORIGIN (DTCMRAM) + LENGTH (DTCMRAM))
                0x00000400                        _Min_Heap_Size = 0x400
                0x00000400                        _Min_Stack_Size = 0x400

.isr_vector     0x08000000      0x2cc
                0x08000000                        . = ALIGN (0x4)
 *(.isr_vector)
 .isr_vector    0x08000000      0x2cc CMakeFiles/TY_H723_CMake_1.dir/startup_stm32h723xx.s.obj
                0x08000000                g_pfnVectors
                0x080002cc                        . = ALIGN (0x4)

.text           0x080002cc     0xa560
                0x080002cc                        . = ALIGN (0x4)
 *(.text)
 .text          0x080002cc       0x30 D:/Users/admin/Desktop/work/Toolchain/arm-gnu-toolchain-14.3.rel1/bin/../lib/gcc/arm-none-eabi/14.3.1/thumb/v7e-m+dp/hard\libgcc.a(_aeabi_uldivmod.o)
                0x080002cc                __aeabi_uldivmod
 .text          0x080002fc        0x4 D:/Users/admin/Desktop/work/Toolchain/arm-gnu-toolchain-14.3.rel1/bin/../lib/gcc/arm-none-eabi/14.3.1/thumb/v7e-m+dp/hard\libgcc.a(_dvmd_tls.o)
                0x080002fc                __aeabi_idiv0
                0x080002fc                __aeabi_ldiv0
 *(.text*)
 .text.deregister_tm_clones
                0x08000300       0x1c D:/Users/admin/Desktop/work/Toolchain/arm-gnu-toolchain-14.3.rel1/bin/../lib/gcc/arm-none-eabi/14.3.1/thumb/v7e-m+dp/hard/crtbegin.o
 .text.register_tm_clones
                0x0800031c       0x24 D:/Users/admin/Desktop/work/Toolchain/arm-gnu-toolchain-14.3.rel1/bin/../lib/gcc/arm-none-eabi/14.3.1/thumb/v7e-m+dp/hard/crtbegin.o
 .text.__do_global_dtors_aux
                0x08000340       0x28 D:/Users/admin/Desktop/work/Toolchain/arm-gnu-toolchain-14.3.rel1/bin/../lib/gcc/arm-none-eabi/14.3.1/thumb/v7e-m+dp/hard/crtbegin.o
 .text.frame_dummy
                0x08000368       0x24 D:/Users/admin/Desktop/work/Toolchain/arm-gnu-toolchain-14.3.rel1/bin/../lib/gcc/arm-none-eabi/14.3.1/thumb/v7e-m+dp/hard/crtbegin.o
 .text.SystemInit
                0x0800038c      0x120 cmake/stm32cubemx/CMakeFiles/STM32_Drivers.dir/__/__/Core/Src/system_stm32h7xx.c.obj
                0x0800038c                SystemInit
 .text.ExitRun0Mode
                0x080004ac       0x30 cmake/stm32cubemx/CMakeFiles/STM32_Drivers.dir/__/__/Core/Src/system_stm32h7xx.c.obj
                0x080004ac                ExitRun0Mode
 .text.LL_ADC_SetCommonClock
                0x080004dc       0x26 cmake/stm32cubemx/CMakeFiles/STM32_Drivers.dir/__/__/Drivers/STM32H7xx_HAL_Driver/Src/stm32h7xx_hal_adc.c.obj
 .text.LL_ADC_SetCommonPathInternalCh
                0x08000502       0x26 cmake/stm32cubemx/CMakeFiles/STM32_Drivers.dir/__/__/Drivers/STM32H7xx_HAL_Driver/Src/stm32h7xx_hal_adc.c.obj
 .text.LL_ADC_GetCommonPathInternalCh
                0x08000528       0x1c cmake/stm32cubemx/CMakeFiles/STM32_Drivers.dir/__/__/Drivers/STM32H7xx_HAL_Driver/Src/stm32h7xx_hal_adc.c.obj
 .text.LL_ADC_SetChannelPreselection
                0x08000544       0x74 cmake/stm32cubemx/CMakeFiles/STM32_Drivers.dir/__/__/Drivers/STM32H7xx_HAL_Driver/Src/stm32h7xx_hal_adc.c.obj
 .text.LL_ADC_SetOffset
                0x080005b8       0x64 cmake/stm32cubemx/CMakeFiles/STM32_Drivers.dir/__/__/Drivers/STM32H7xx_HAL_Driver/Src/stm32h7xx_hal_adc.c.obj
 .text.LL_ADC_GetOffsetChannel
                0x0800061c       0x2c cmake/stm32cubemx/CMakeFiles/STM32_Drivers.dir/__/__/Drivers/STM32H7xx_HAL_Driver/Src/stm32h7xx_hal_adc.c.obj
 .text.LL_ADC_SetDataRightShift
                0x08000648       0x32 cmake/stm32cubemx/CMakeFiles/STM32_Drivers.dir/__/__/Drivers/STM32H7xx_HAL_Driver/Src/stm32h7xx_hal_adc.c.obj
 *fill*         0x0800067a        0x2 
 .text.LL_ADC_SetOffsetSignedSaturation
                0x0800067c       0x44 cmake/stm32cubemx/CMakeFiles/STM32_Drivers.dir/__/__/Drivers/STM32H7xx_HAL_Driver/Src/stm32h7xx_hal_adc.c.obj
 .text.LL_ADC_SetOffsetSaturation
                0x080006c0       0x44 cmake/stm32cubemx/CMakeFiles/STM32_Drivers.dir/__/__/Drivers/STM32H7xx_HAL_Driver/Src/stm32h7xx_hal_adc.c.obj
 .text.LL_ADC_SetOffsetSign
                0x08000704       0x44 cmake/stm32cubemx/CMakeFiles/STM32_Drivers.dir/__/__/Drivers/STM32H7xx_HAL_Driver/Src/stm32h7xx_hal_adc.c.obj
 .text.LL_ADC_SetOffsetState
                0x08000748       0x54 cmake/stm32cubemx/CMakeFiles/STM32_Drivers.dir/__/__/Drivers/STM32H7xx_HAL_Driver/Src/stm32h7xx_hal_adc.c.obj
 .text.LL_ADC_REG_SetSequencerRanks
                0x0800079c       0x58 cmake/stm32cubemx/CMakeFiles/STM32_Drivers.dir/__/__/Drivers/STM32H7xx_HAL_Driver/Src/stm32h7xx_hal_adc.c.obj
 .text.LL_ADC_SetChannelSamplingTime
                0x080007f4       0x56 cmake/stm32cubemx/CMakeFiles/STM32_Drivers.dir/__/__/Drivers/STM32H7xx_HAL_Driver/Src/stm32h7xx_hal_adc.c.obj
 *fill*         0x0800084a        0x2 
 .text.LL_ADC_SetChannelSingleDiff
                0x0800084c       0x80 cmake/stm32cubemx/CMakeFiles/STM32_Drivers.dir/__/__/Drivers/STM32H7xx_HAL_Driver/Src/stm32h7xx_hal_adc.c.obj
 .text.LL_ADC_DisableDeepPowerDown
                0x080008cc       0x24 cmake/stm32cubemx/CMakeFiles/STM32_Drivers.dir/__/__/Drivers/STM32H7xx_HAL_Driver/Src/stm32h7xx_hal_adc.c.obj
 .text.LL_ADC_IsDeepPowerDownEnabled
                0x080008f0       0x28 cmake/stm32cubemx/CMakeFiles/STM32_Drivers.dir/__/__/Drivers/STM32H7xx_HAL_Driver/Src/stm32h7xx_hal_adc.c.obj
 .text.LL_ADC_EnableInternalRegulator
                0x08000918       0x28 cmake/stm32cubemx/CMakeFiles/STM32_Drivers.dir/__/__/Drivers/STM32H7xx_HAL_Driver/Src/stm32h7xx_hal_adc.c.obj
 .text.LL_ADC_IsInternalRegulatorEnabled
                0x08000940       0x28 cmake/stm32cubemx/CMakeFiles/STM32_Drivers.dir/__/__/Drivers/STM32H7xx_HAL_Driver/Src/stm32h7xx_hal_adc.c.obj
 .text.LL_ADC_IsEnabled
                0x08000968       0x26 cmake/stm32cubemx/CMakeFiles/STM32_Drivers.dir/__/__/Drivers/STM32H7xx_HAL_Driver/Src/stm32h7xx_hal_adc.c.obj
 .text.LL_ADC_REG_IsConversionOngoing
                0x0800098e       0x26 cmake/stm32cubemx/CMakeFiles/STM32_Drivers.dir/__/__/Drivers/STM32H7xx_HAL_Driver/Src/stm32h7xx_hal_adc.c.obj
 .text.LL_ADC_INJ_IsConversionOngoing
                0x080009b4       0x26 cmake/stm32cubemx/CMakeFiles/STM32_Drivers.dir/__/__/Drivers/STM32H7xx_HAL_Driver/Src/stm32h7xx_hal_adc.c.obj
 *fill*         0x080009da        0x2 
 .text.HAL_ADC_Init
                0x080009dc      0x410 cmake/stm32cubemx/CMakeFiles/STM32_Drivers.dir/__/__/Drivers/STM32H7xx_HAL_Driver/Src/stm32h7xx_hal_adc.c.obj
                0x080009dc                HAL_ADC_Init
 .text.HAL_ADC_ConfigChannel
                0x08000dec      0x9a8 cmake/stm32cubemx/CMakeFiles/STM32_Drivers.dir/__/__/Drivers/STM32H7xx_HAL_Driver/Src/stm32h7xx_hal_adc.c.obj
                0x08000dec                HAL_ADC_ConfigChannel
 .text.ADC_ConfigureBoostMode
                0x08001794      0x1dc cmake/stm32cubemx/CMakeFiles/STM32_Drivers.dir/__/__/Drivers/STM32H7xx_HAL_Driver/Src/stm32h7xx_hal_adc.c.obj
                0x08001794                ADC_ConfigureBoostMode
 .text.LL_ADC_IsEnabled
                0x08001970       0x26 cmake/stm32cubemx/CMakeFiles/STM32_Drivers.dir/__/__/Drivers/STM32H7xx_HAL_Driver/Src/stm32h7xx_hal_adc_ex.c.obj
 .text.LL_ADC_REG_IsConversionOngoing
                0x08001996       0x26 cmake/stm32cubemx/CMakeFiles/STM32_Drivers.dir/__/__/Drivers/STM32H7xx_HAL_Driver/Src/stm32h7xx_hal_adc_ex.c.obj
 .text.HAL_ADCEx_MultiModeConfigChannel
                0x080019bc      0x1c4 cmake/stm32cubemx/CMakeFiles/STM32_Drivers.dir/__/__/Drivers/STM32H7xx_HAL_Driver/Src/stm32h7xx_hal_adc_ex.c.obj
                0x080019bc                HAL_ADCEx_MultiModeConfigChannel
 .text.HAL_RCC_OscConfig
                0x08001b80      0x7b4 cmake/stm32cubemx/CMakeFiles/STM32_Drivers.dir/__/__/Drivers/STM32H7xx_HAL_Driver/Src/stm32h7xx_hal_rcc.c.obj
                0x08001b80                HAL_RCC_OscConfig
 .text.HAL_RCC_ClockConfig
                0x08002334      0x36c cmake/stm32cubemx/CMakeFiles/STM32_Drivers.dir/__/__/Drivers/STM32H7xx_HAL_Driver/Src/stm32h7xx_hal_rcc.c.obj
                0x08002334                HAL_RCC_ClockConfig
 .text.HAL_RCC_GetSysClockFreq
                0x080026a0      0x2f4 cmake/stm32cubemx/CMakeFiles/STM32_Drivers.dir/__/__/Drivers/STM32H7xx_HAL_Driver/Src/stm32h7xx_hal_rcc.c.obj
                0x080026a0                HAL_RCC_GetSysClockFreq
 .text.HAL_RCC_GetHCLKFreq
                0x08002994       0x60 cmake/stm32cubemx/CMakeFiles/STM32_Drivers.dir/__/__/Drivers/STM32H7xx_HAL_Driver/Src/stm32h7xx_hal_rcc.c.obj
                0x08002994                HAL_RCC_GetHCLKFreq
 .text.HAL_RCC_GetPCLK1Freq
                0x080029f4       0x2c cmake/stm32cubemx/CMakeFiles/STM32_Drivers.dir/__/__/Drivers/STM32H7xx_HAL_Driver/Src/stm32h7xx_hal_rcc.c.obj
                0x080029f4                HAL_RCC_GetPCLK1Freq
 .text.HAL_RCC_GetPCLK2Freq
                0x08002a20       0x2c cmake/stm32cubemx/CMakeFiles/STM32_Drivers.dir/__/__/Drivers/STM32H7xx_HAL_Driver/Src/stm32h7xx_hal_rcc.c.obj
                0x08002a20                HAL_RCC_GetPCLK2Freq
 .text.HAL_RCCEx_PeriphCLKConfig
                0x08002a4c     0x1340 cmake/stm32cubemx/CMakeFiles/STM32_Drivers.dir/__/__/Drivers/STM32H7xx_HAL_Driver/Src/stm32h7xx_hal_rcc_ex.c.obj
                0x08002a4c                HAL_RCCEx_PeriphCLKConfig
 .text.HAL_RCCEx_GetPeriphCLKFreq
                0x08003d8c      0x9a4 cmake/stm32cubemx/CMakeFiles/STM32_Drivers.dir/__/__/Drivers/STM32H7xx_HAL_Driver/Src/stm32h7xx_hal_rcc_ex.c.obj
                0x08003d8c                HAL_RCCEx_GetPeriphCLKFreq
 .text.HAL_RCCEx_GetD3PCLK1Freq
                0x08004730       0x2c cmake/stm32cubemx/CMakeFiles/STM32_Drivers.dir/__/__/Drivers/STM32H7xx_HAL_Driver/Src/stm32h7xx_hal_rcc_ex.c.obj
                0x08004730                HAL_RCCEx_GetD3PCLK1Freq
 .text.HAL_RCCEx_GetPLL2ClockFreq
                0x0800475c      0x2a8 cmake/stm32cubemx/CMakeFiles/STM32_Drivers.dir/__/__/Drivers/STM32H7xx_HAL_Driver/Src/stm32h7xx_hal_rcc_ex.c.obj
                0x0800475c                HAL_RCCEx_GetPLL2ClockFreq
 .text.HAL_RCCEx_GetPLL3ClockFreq
                0x08004a04      0x2a8 cmake/stm32cubemx/CMakeFiles/STM32_Drivers.dir/__/__/Drivers/STM32H7xx_HAL_Driver/Src/stm32h7xx_hal_rcc_ex.c.obj
                0x08004a04                HAL_RCCEx_GetPLL3ClockFreq
 .text.HAL_RCCEx_GetPLL1ClockFreq
                0x08004cac      0x2a4 cmake/stm32cubemx/CMakeFiles/STM32_Drivers.dir/__/__/Drivers/STM32H7xx_HAL_Driver/Src/stm32h7xx_hal_rcc_ex.c.obj
                0x08004cac                HAL_RCCEx_GetPLL1ClockFreq
 .text.RCCEx_PLL2_Config
                0x08004f50      0x164 cmake/stm32cubemx/CMakeFiles/STM32_Drivers.dir/__/__/Drivers/STM32H7xx_HAL_Driver/Src/stm32h7xx_hal_rcc_ex.c.obj
 .text.RCCEx_PLL3_Config
                0x080050b4      0x164 cmake/stm32cubemx/CMakeFiles/STM32_Drivers.dir/__/__/Drivers/STM32H7xx_HAL_Driver/Src/stm32h7xx_hal_rcc_ex.c.obj
 .text.HAL_GPIO_Init
                0x08005218      0x350 cmake/stm32cubemx/CMakeFiles/STM32_Drivers.dir/__/__/Drivers/STM32H7xx_HAL_Driver/Src/stm32h7xx_hal_gpio.c.obj
                0x08005218                HAL_GPIO_Init
 .text.HAL_GPIO_WritePin
                0x08005568       0x32 cmake/stm32cubemx/CMakeFiles/STM32_Drivers.dir/__/__/Drivers/STM32H7xx_HAL_Driver/Src/stm32h7xx_hal_gpio.c.obj
                0x08005568                HAL_GPIO_WritePin
 *fill*         0x0800559a        0x2 
 .text.HAL_PWREx_ConfigSupply
                0x0800559c       0x74 cmake/stm32cubemx/CMakeFiles/STM32_Drivers.dir/__/__/Drivers/STM32H7xx_HAL_Driver/Src/stm32h7xx_hal_pwr_ex.c.obj
                0x0800559c                HAL_PWREx_ConfigSupply
 .text.__NVIC_SetPriorityGrouping
                0x08005610       0x48 cmake/stm32cubemx/CMakeFiles/STM32_Drivers.dir/__/__/Drivers/STM32H7xx_HAL_Driver/Src/stm32h7xx_hal_cortex.c.obj
 .text.__NVIC_GetPriorityGrouping
                0x08005658       0x1c cmake/stm32cubemx/CMakeFiles/STM32_Drivers.dir/__/__/Drivers/STM32H7xx_HAL_Driver/Src/stm32h7xx_hal_cortex.c.obj
 .text.__NVIC_SetPriority
                0x08005674       0x54 cmake/stm32cubemx/CMakeFiles/STM32_Drivers.dir/__/__/Drivers/STM32H7xx_HAL_Driver/Src/stm32h7xx_hal_cortex.c.obj
 .text.NVIC_EncodePriority
                0x080056c8       0x66 cmake/stm32cubemx/CMakeFiles/STM32_Drivers.dir/__/__/Drivers/STM32H7xx_HAL_Driver/Src/stm32h7xx_hal_cortex.c.obj
 *fill*         0x0800572e        0x2 
 .text.SysTick_Config
                0x08005730       0x44 cmake/stm32cubemx/CMakeFiles/STM32_Drivers.dir/__/__/Drivers/STM32H7xx_HAL_Driver/Src/stm32h7xx_hal_cortex.c.obj
 .text.HAL_NVIC_SetPriorityGrouping
                0x08005774       0x16 cmake/stm32cubemx/CMakeFiles/STM32_Drivers.dir/__/__/Drivers/STM32H7xx_HAL_Driver/Src/stm32h7xx_hal_cortex.c.obj
                0x08005774                HAL_NVIC_SetPriorityGrouping
 .text.HAL_NVIC_SetPriority
                0x0800578a       0x34 cmake/stm32cubemx/CMakeFiles/STM32_Drivers.dir/__/__/Drivers/STM32H7xx_HAL_Driver/Src/stm32h7xx_hal_cortex.c.obj
                0x0800578a                HAL_NVIC_SetPriority
 .text.HAL_SYSTICK_Config
                0x080057be       0x18 cmake/stm32cubemx/CMakeFiles/STM32_Drivers.dir/__/__/Drivers/STM32H7xx_HAL_Driver/Src/stm32h7xx_hal_cortex.c.obj
                0x080057be                HAL_SYSTICK_Config
 *fill*         0x080057d6        0x2 
 .text.HAL_Init
                0x080057d8       0x78 cmake/stm32cubemx/CMakeFiles/STM32_Drivers.dir/__/__/Drivers/STM32H7xx_HAL_Driver/Src/stm32h7xx_hal.c.obj
                0x080057d8                HAL_Init
 .text.HAL_InitTick
                0x08005850       0x6c cmake/stm32cubemx/CMakeFiles/STM32_Drivers.dir/__/__/Drivers/STM32H7xx_HAL_Driver/Src/stm32h7xx_hal.c.obj
                0x08005850                HAL_InitTick
 .text.HAL_IncTick
                0x080058bc       0x28 cmake/stm32cubemx/CMakeFiles/STM32_Drivers.dir/__/__/Drivers/STM32H7xx_HAL_Driver/Src/stm32h7xx_hal.c.obj
                0x080058bc                HAL_IncTick
 .text.HAL_GetTick
                0x080058e4       0x18 cmake/stm32cubemx/CMakeFiles/STM32_Drivers.dir/__/__/Drivers/STM32H7xx_HAL_Driver/Src/stm32h7xx_hal.c.obj
                0x080058e4                HAL_GetTick
 .text.HAL_Delay
                0x080058fc       0x48 cmake/stm32cubemx/CMakeFiles/STM32_Drivers.dir/__/__/Drivers/STM32H7xx_HAL_Driver/Src/stm32h7xx_hal.c.obj
                0x080058fc                HAL_Delay
 .text.HAL_I2C_Init
                0x08005944      0x138 cmake/stm32cubemx/CMakeFiles/STM32_Drivers.dir/__/__/Drivers/STM32H7xx_HAL_Driver/Src/stm32h7xx_hal_i2c.c.obj
                0x08005944                HAL_I2C_Init
 .text.HAL_I2CEx_ConfigAnalogFilter
                0x08005a7c       0x96 cmake/stm32cubemx/CMakeFiles/STM32_Drivers.dir/__/__/Drivers/STM32H7xx_HAL_Driver/Src/stm32h7xx_hal_i2c_ex.c.obj
                0x08005a7c                HAL_I2CEx_ConfigAnalogFilter
 .text.HAL_I2CEx_ConfigDigitalFilter
                0x08005b12       0x98 cmake/stm32cubemx/CMakeFiles/STM32_Drivers.dir/__/__/Drivers/STM32H7xx_HAL_Driver/Src/stm32h7xx_hal_i2c_ex.c.obj
                0x08005b12                HAL_I2CEx_ConfigDigitalFilter
 *fill*         0x08005baa        0x2 
 .text.HAL_FDCAN_Init
                0x08005bac      0x3bc cmake/stm32cubemx/CMakeFiles/STM32_Drivers.dir/__/__/Drivers/STM32H7xx_HAL_Driver/Src/stm32h7xx_hal_fdcan.c.obj
                0x08005bac                HAL_FDCAN_Init
 .text.FDCAN_CalcultateRamBlockAddresses
                0x08005f68      0x30c cmake/stm32cubemx/CMakeFiles/STM32_Drivers.dir/__/__/Drivers/STM32H7xx_HAL_Driver/Src/stm32h7xx_hal_fdcan.c.obj
 .text.HAL_SPI_Init
                0x08006274      0x248 cmake/stm32cubemx/CMakeFiles/STM32_Drivers.dir/__/__/Drivers/STM32H7xx_HAL_Driver/Src/stm32h7xx_hal_spi.c.obj
                0x08006274                HAL_SPI_Init
 .text.SPI_GetPacketSize
                0x080064bc       0x36 cmake/stm32cubemx/CMakeFiles/STM32_Drivers.dir/__/__/Drivers/STM32H7xx_HAL_Driver/Src/stm32h7xx_hal_spi.c.obj
 .text.HAL_TIM_PWM_Init
                0x080064f2       0xae cmake/stm32cubemx/CMakeFiles/STM32_Drivers.dir/__/__/Drivers/STM32H7xx_HAL_Driver/Src/stm32h7xx_hal_tim.c.obj
                0x080064f2                HAL_TIM_PWM_Init
 .text.HAL_TIM_PWM_ConfigChannel
                0x080065a0      0x228 cmake/stm32cubemx/CMakeFiles/STM32_Drivers.dir/__/__/Drivers/STM32H7xx_HAL_Driver/Src/stm32h7xx_hal_tim.c.obj
                0x080065a0                HAL_TIM_PWM_ConfigChannel
 .text.TIM_Base_SetConfig
                0x080067c8      0x158 cmake/stm32cubemx/CMakeFiles/STM32_Drivers.dir/__/__/Drivers/STM32H7xx_HAL_Driver/Src/stm32h7xx_hal_tim.c.obj
                0x080067c8                TIM_Base_SetConfig
 .text.TIM_OC1_SetConfig
                0x08006920      0x120 cmake/stm32cubemx/CMakeFiles/STM32_Drivers.dir/__/__/Drivers/STM32H7xx_HAL_Driver/Src/stm32h7xx_hal_tim.c.obj
 .text.TIM_OC2_SetConfig
                0x08006a40      0x114 cmake/stm32cubemx/CMakeFiles/STM32_Drivers.dir/__/__/Drivers/STM32H7xx_HAL_Driver/Src/stm32h7xx_hal_tim.c.obj
                0x08006a40                TIM_OC2_SetConfig
 .text.TIM_OC3_SetConfig
                0x08006b54      0x110 cmake/stm32cubemx/CMakeFiles/STM32_Drivers.dir/__/__/Drivers/STM32H7xx_HAL_Driver/Src/stm32h7xx_hal_tim.c.obj
 .text.TIM_OC4_SetConfig
                0x08006c64       0xd4 cmake/stm32cubemx/CMakeFiles/STM32_Drivers.dir/__/__/Drivers/STM32H7xx_HAL_Driver/Src/stm32h7xx_hal_tim.c.obj
 .text.TIM_OC5_SetConfig
                0x08006d38       0xc8 cmake/stm32cubemx/CMakeFiles/STM32_Drivers.dir/__/__/Drivers/STM32H7xx_HAL_Driver/Src/stm32h7xx_hal_tim.c.obj
 .text.TIM_OC6_SetConfig
                0x08006e00       0xcc cmake/stm32cubemx/CMakeFiles/STM32_Drivers.dir/__/__/Drivers/STM32H7xx_HAL_Driver/Src/stm32h7xx_hal_tim.c.obj
 .text.HAL_TIMEx_MasterConfigSynchronization
                0x08006ecc      0x138 cmake/stm32cubemx/CMakeFiles/STM32_Drivers.dir/__/__/Drivers/STM32H7xx_HAL_Driver/Src/stm32h7xx_hal_tim_ex.c.obj
                0x08006ecc                HAL_TIMEx_MasterConfigSynchronization
 .text.HAL_UART_Init
                0x08007004       0xa0 cmake/stm32cubemx/CMakeFiles/STM32_Drivers.dir/__/__/Drivers/STM32H7xx_HAL_Driver/Src/stm32h7xx_hal_uart.c.obj
                0x08007004                HAL_UART_Init
 .text.UART_SetConfig
                0x080070a4      0xcd8 cmake/stm32cubemx/CMakeFiles/STM32_Drivers.dir/__/__/Drivers/STM32H7xx_HAL_Driver/Src/stm32h7xx_hal_uart.c.obj
                0x080070a4                UART_SetConfig
 .text.UART_AdvFeatureConfig
                0x08007d7c      0x144 cmake/stm32cubemx/CMakeFiles/STM32_Drivers.dir/__/__/Drivers/STM32H7xx_HAL_Driver/Src/stm32h7xx_hal_uart.c.obj
                0x08007d7c                UART_AdvFeatureConfig
 .text.UART_CheckIdleState
                0x08007ec0      0x154 cmake/stm32cubemx/CMakeFiles/STM32_Drivers.dir/__/__/Drivers/STM32H7xx_HAL_Driver/Src/stm32h7xx_hal_uart.c.obj
                0x08007ec0                UART_CheckIdleState
 .text.UART_WaitOnFlagUntilTimeout
                0x08008014       0xda cmake/stm32cubemx/CMakeFiles/STM32_Drivers.dir/__/__/Drivers/STM32H7xx_HAL_Driver/Src/stm32h7xx_hal_uart.c.obj
                0x08008014                UART_WaitOnFlagUntilTimeout
 *fill*         0x080080ee        0x2 
 .text.UART_EndRxTransfer
                0x080080f0       0xcc cmake/stm32cubemx/CMakeFiles/STM32_Drivers.dir/__/__/Drivers/STM32H7xx_HAL_Driver/Src/stm32h7xx_hal_uart.c.obj
 .text.HAL_UARTEx_DisableFifoMode
                0x080081bc       0x72 cmake/stm32cubemx/CMakeFiles/STM32_Drivers.dir/__/__/Drivers/STM32H7xx_HAL_Driver/Src/stm32h7xx_hal_uart_ex.c.obj
                0x080081bc                HAL_UARTEx_DisableFifoMode
 .text.HAL_UARTEx_SetTxFifoThreshold
                0x0800822e       0x7c cmake/stm32cubemx/CMakeFiles/STM32_Drivers.dir/__/__/Drivers/STM32H7xx_HAL_Driver/Src/stm32h7xx_hal_uart_ex.c.obj
                0x0800822e                HAL_UARTEx_SetTxFifoThreshold
 .text.HAL_UARTEx_SetRxFifoThreshold
                0x080082aa       0x7c cmake/stm32cubemx/CMakeFiles/STM32_Drivers.dir/__/__/Drivers/STM32H7xx_HAL_Driver/Src/stm32h7xx_hal_uart_ex.c.obj
                0x080082aa                HAL_UARTEx_SetRxFifoThreshold
 *fill*         0x08008326        0x2 
 .text.UARTEx_SetNbDataToProcess
                0x08008328       0x9c cmake/stm32cubemx/CMakeFiles/STM32_Drivers.dir/__/__/Drivers/STM32H7xx_HAL_Driver/Src/stm32h7xx_hal_uart_ex.c.obj
 .text.main     0x080083c4       0x6a CMakeFiles/TY_H723_CMake_1.dir/Core/Src/main.c.obj
                0x080083c4                main
 *fill*         0x0800842e        0x2 
 .text.SystemClock_Config
                0x08008430       0xe0 CMakeFiles/TY_H723_CMake_1.dir/Core/Src/main.c.obj
                0x08008430                SystemClock_Config
 .text.Error_Handler
                0x08008510        0xc CMakeFiles/TY_H723_CMake_1.dir/Core/Src/main.c.obj
                0x08008510                Error_Handler
 .text.MX_GPIO_Init
                0x0800851c      0x17c CMakeFiles/TY_H723_CMake_1.dir/Core/Src/gpio.c.obj
                0x0800851c                MX_GPIO_Init
 .text.MX_ADC1_Init
                0x08008698       0xf4 CMakeFiles/TY_H723_CMake_1.dir/Core/Src/adc.c.obj
                0x08008698                MX_ADC1_Init
 .text.HAL_ADC_MspInit
                0x0800878c       0xe4 CMakeFiles/TY_H723_CMake_1.dir/Core/Src/adc.c.obj
                0x0800878c                HAL_ADC_MspInit
 .text.MX_FDCAN1_Init
                0x08008870       0xc8 CMakeFiles/TY_H723_CMake_1.dir/Core/Src/fdcan.c.obj
                0x08008870                MX_FDCAN1_Init
 .text.MX_FDCAN2_Init
                0x08008938       0xc8 CMakeFiles/TY_H723_CMake_1.dir/Core/Src/fdcan.c.obj
                0x08008938                MX_FDCAN2_Init
 .text.MX_FDCAN3_Init
                0x08008a00       0xc8 CMakeFiles/TY_H723_CMake_1.dir/Core/Src/fdcan.c.obj
                0x08008a00                MX_FDCAN3_Init
 .text.HAL_FDCAN_MspInit
                0x08008ac8      0x250 CMakeFiles/TY_H723_CMake_1.dir/Core/Src/fdcan.c.obj
                0x08008ac8                HAL_FDCAN_MspInit
 .text.MX_I2C1_Init
                0x08008d18       0x80 CMakeFiles/TY_H723_CMake_1.dir/Core/Src/i2c.c.obj
                0x08008d18                MX_I2C1_Init
 .text.MX_I2C2_Init
                0x08008d98       0x80 CMakeFiles/TY_H723_CMake_1.dir/Core/Src/i2c.c.obj
                0x08008d98                MX_I2C2_Init
 .text.MX_I2C3_Init
                0x08008e18       0x80 CMakeFiles/TY_H723_CMake_1.dir/Core/Src/i2c.c.obj
                0x08008e18                MX_I2C3_Init
 .text.HAL_I2C_MspInit
                0x08008e98      0x260 CMakeFiles/TY_H723_CMake_1.dir/Core/Src/i2c.c.obj
                0x08008e98                HAL_I2C_MspInit
 .text.MX_SPI3_Init
                0x080090f8       0xac CMakeFiles/TY_H723_CMake_1.dir/Core/Src/spi.c.obj
                0x080090f8                MX_SPI3_Init
 .text.HAL_SPI_MspInit
                0x080091a4      0x11c CMakeFiles/TY_H723_CMake_1.dir/Core/Src/spi.c.obj
                0x080091a4                HAL_SPI_MspInit
 .text.MX_TIM2_Init
                0x080092c0       0xc8 CMakeFiles/TY_H723_CMake_1.dir/Core/Src/tim.c.obj
                0x080092c0                MX_TIM2_Init
 .text.MX_TIM3_Init
                0x08009388       0xcc CMakeFiles/TY_H723_CMake_1.dir/Core/Src/tim.c.obj
                0x08009388                MX_TIM3_Init
 .text.HAL_TIM_PWM_MspInit
                0x08009454       0x70 CMakeFiles/TY_H723_CMake_1.dir/Core/Src/tim.c.obj
                0x08009454                HAL_TIM_PWM_MspInit
 .text.HAL_TIM_MspPostInit
                0x080094c4      0x100 CMakeFiles/TY_H723_CMake_1.dir/Core/Src/tim.c.obj
                0x080094c4                HAL_TIM_MspPostInit
 .text.MX_UART4_Init
                0x080095c4       0x98 CMakeFiles/TY_H723_CMake_1.dir/Core/Src/usart.c.obj
                0x080095c4                MX_UART4_Init
 .text.MX_UART5_Init
                0x0800965c       0x98 CMakeFiles/TY_H723_CMake_1.dir/Core/Src/usart.c.obj
                0x0800965c                MX_UART5_Init
 .text.MX_UART7_Init
                0x080096f4       0x98 CMakeFiles/TY_H723_CMake_1.dir/Core/Src/usart.c.obj
                0x080096f4                MX_UART7_Init
 .text.MX_UART8_Init
                0x0800978c       0x98 CMakeFiles/TY_H723_CMake_1.dir/Core/Src/usart.c.obj
                0x0800978c                MX_UART8_Init
 .text.MX_UART9_Init
                0x08009824       0x98 CMakeFiles/TY_H723_CMake_1.dir/Core/Src/usart.c.obj
                0x08009824                MX_UART9_Init
 .text.MX_USART1_UART_Init
                0x080098bc       0x98 CMakeFiles/TY_H723_CMake_1.dir/Core/Src/usart.c.obj
                0x080098bc                MX_USART1_UART_Init
 .text.MX_USART2_UART_Init
                0x08009954       0x98 CMakeFiles/TY_H723_CMake_1.dir/Core/Src/usart.c.obj
                0x08009954                MX_USART2_UART_Init
 .text.MX_USART3_UART_Init
                0x080099ec       0x98 CMakeFiles/TY_H723_CMake_1.dir/Core/Src/usart.c.obj
                0x080099ec                MX_USART3_UART_Init
 .text.MX_USART6_UART_Init
                0x08009a84       0x98 CMakeFiles/TY_H723_CMake_1.dir/Core/Src/usart.c.obj
                0x08009a84                MX_USART6_UART_Init
 .text.MX_USART10_UART_Init
                0x08009b1c       0x98 CMakeFiles/TY_H723_CMake_1.dir/Core/Src/usart.c.obj
                0x08009b1c                MX_USART10_UART_Init
 .text.HAL_UART_MspInit
                0x08009bb4      0x7ec CMakeFiles/TY_H723_CMake_1.dir/Core/Src/usart.c.obj
                0x08009bb4                HAL_UART_MspInit
 .text.NMI_Handler
                0x0800a3a0        0x8 CMakeFiles/TY_H723_CMake_1.dir/Core/Src/stm32h7xx_it.c.obj
                0x0800a3a0                NMI_Handler
 .text.HardFault_Handler
                0x0800a3a8        0x8 CMakeFiles/TY_H723_CMake_1.dir/Core/Src/stm32h7xx_it.c.obj
                0x0800a3a8                HardFault_Handler
 .text.MemManage_Handler
                0x0800a3b0        0x8 CMakeFiles/TY_H723_CMake_1.dir/Core/Src/stm32h7xx_it.c.obj
                0x0800a3b0                MemManage_Handler
 .text.BusFault_Handler
                0x0800a3b8        0x8 CMakeFiles/TY_H723_CMake_1.dir/Core/Src/stm32h7xx_it.c.obj
                0x0800a3b8                BusFault_Handler
 .text.UsageFault_Handler
                0x0800a3c0        0x8 CMakeFiles/TY_H723_CMake_1.dir/Core/Src/stm32h7xx_it.c.obj
                0x0800a3c0                UsageFault_Handler
 .text.SVC_Handler
                0x0800a3c8        0xe CMakeFiles/TY_H723_CMake_1.dir/Core/Src/stm32h7xx_it.c.obj
                0x0800a3c8                SVC_Handler
 .text.DebugMon_Handler
                0x0800a3d6        0xe CMakeFiles/TY_H723_CMake_1.dir/Core/Src/stm32h7xx_it.c.obj
                0x0800a3d6                DebugMon_Handler
 .text.PendSV_Handler
                0x0800a3e4        0xe CMakeFiles/TY_H723_CMake_1.dir/Core/Src/stm32h7xx_it.c.obj
                0x0800a3e4                PendSV_Handler
 .text.SysTick_Handler
                0x0800a3f2        0xc CMakeFiles/TY_H723_CMake_1.dir/Core/Src/stm32h7xx_it.c.obj
                0x0800a3f2                SysTick_Handler
 *fill*         0x0800a3fe        0x2 
 .text.HAL_MspInit
                0x0800a400       0x34 CMakeFiles/TY_H723_CMake_1.dir/Core/Src/stm32h7xx_hal_msp.c.obj
                0x0800a400                HAL_MspInit
 .text.Reset_Handler
                0x0800a434       0x54 CMakeFiles/TY_H723_CMake_1.dir/startup_stm32h723xx.s.obj
                0x0800a434                Reset_Handler
 .text.Default_Handler
                0x0800a488        0x2 CMakeFiles/TY_H723_CMake_1.dir/startup_stm32h723xx.s.obj
                0x0800a488                RTC_Alarm_IRQHandler
                0x0800a488                EXTI2_IRQHandler
                0x0800a488                TIM8_CC_IRQHandler
                0x0800a488                UART8_IRQHandler
                0x0800a488                SPI4_IRQHandler
                0x0800a488                FDCAN3_IT0_IRQHandler
                0x0800a488                TIM1_CC_IRQHandler
                0x0800a488                BDMA_Channel6_IRQHandler
                0x0800a488                DMA2_Stream5_IRQHandler
                0x0800a488                DMA1_Stream5_IRQHandler
                0x0800a488                CORDIC_IRQHandler
                0x0800a488                BDMA_Channel1_IRQHandler
                0x0800a488                TAMP_STAMP_IRQHandler
                0x0800a488                EXTI3_IRQHandler
                0x0800a488                LPTIM4_IRQHandler
                0x0800a488                TIM8_TRG_COM_TIM14_IRQHandler
                0x0800a488                LPTIM2_IRQHandler
                0x0800a488                DFSDM1_FLT1_IRQHandler
                0x0800a488                DMAMUX2_OVR_IRQHandler
                0x0800a488                TIM8_UP_TIM13_IRQHandler
                0x0800a488                I2C3_ER_IRQHandler
                0x0800a488                DFSDM1_FLT2_IRQHandler
                0x0800a488                I2C5_EV_IRQHandler
                0x0800a488                USART10_IRQHandler
                0x0800a488                MDMA_IRQHandler
                0x0800a488                LPTIM3_IRQHandler
                0x0800a488                HSEM1_IRQHandler
                0x0800a488                EXTI0_IRQHandler
                0x0800a488                I2C2_EV_IRQHandler
                0x0800a488                DMA1_Stream2_IRQHandler
                0x0800a488                FPU_IRQHandler
                0x0800a488                OTG_HS_WKUP_IRQHandler
                0x0800a488                FDCAN1_IT1_IRQHandler
                0x0800a488                LTDC_ER_IRQHandler
                0x0800a488                DMA2_Stream2_IRQHandler
                0x0800a488                SPI1_IRQHandler
                0x0800a488                OCTOSPI1_IRQHandler
                0x0800a488                TIM6_DAC_IRQHandler
                0x0800a488                DMA2_Stream3_IRQHandler
                0x0800a488                OCTOSPI2_IRQHandler
                0x0800a488                DFSDM1_FLT3_IRQHandler
                0x0800a488                TIM23_IRQHandler
                0x0800a488                USART6_IRQHandler
                0x0800a488                TIM17_IRQHandler
                0x0800a488                USART3_IRQHandler
                0x0800a488                BDMA_Channel7_IRQHandler
                0x0800a488                LPTIM5_IRQHandler
                0x0800a488                UART5_IRQHandler
                0x0800a488                ADC3_IRQHandler
                0x0800a488                DMA2_Stream0_IRQHandler
                0x0800a488                TIM4_IRQHandler
                0x0800a488                BDMA_Channel2_IRQHandler
                0x0800a488                I2C1_EV_IRQHandler
                0x0800a488                DMA1_Stream6_IRQHandler
                0x0800a488                DMAMUX1_OVR_IRQHandler
                0x0800a488                DMA1_Stream1_IRQHandler
                0x0800a488                TIM16_IRQHandler
                0x0800a488                UART4_IRQHandler
                0x0800a488                BDMA_Channel5_IRQHandler
                0x0800a488                TIM3_IRQHandler
                0x0800a488                RCC_IRQHandler
                0x0800a488                UART9_IRQHandler
                0x0800a488                TIM8_BRK_TIM12_IRQHandler
                0x0800a488                TIM1_TRG_COM_IRQHandler
                0x0800a488                Default_Handler
                0x0800a488                ECC_IRQHandler
                0x0800a488                FMAC_IRQHandler
                0x0800a488                CEC_IRQHandler
                0x0800a488                EXTI15_10_IRQHandler
                0x0800a488                BDMA_Channel0_IRQHandler
                0x0800a488                ADC_IRQHandler
                0x0800a488                I2C5_ER_IRQHandler
                0x0800a488                DMA1_Stream7_IRQHandler
                0x0800a488                SPI5_IRQHandler
                0x0800a488                TIM7_IRQHandler
                0x0800a488                FDCAN3_IT1_IRQHandler
                0x0800a488                SDMMC1_IRQHandler
                0x0800a488                TIM5_IRQHandler
                0x0800a488                DMA2_Stream7_IRQHandler
                0x0800a488                TIM15_IRQHandler
                0x0800a488                PVD_AVD_IRQHandler
                0x0800a488                I2C3_EV_IRQHandler
                0x0800a488                EXTI9_5_IRQHandler
                0x0800a488                RTC_WKUP_IRQHandler
                0x0800a488                LTDC_IRQHandler
                0x0800a488                ETH_WKUP_IRQHandler
                0x0800a488                SPDIF_RX_IRQHandler
                0x0800a488                SPI2_IRQHandler
                0x0800a488                OTG_HS_EP1_IN_IRQHandler
                0x0800a488                DMA1_Stream0_IRQHandler
                0x0800a488                TIM24_IRQHandler
                0x0800a488                CRS_IRQHandler
                0x0800a488                EXTI4_IRQHandler
                0x0800a488                RNG_IRQHandler
                0x0800a488                FDCAN2_IT1_IRQHandler
                0x0800a488                ETH_IRQHandler
                0x0800a488                TIM1_UP_IRQHandler
                0x0800a488                BDMA_Channel4_IRQHandler
                0x0800a488                OTG_HS_EP1_OUT_IRQHandler
                0x0800a488                WWDG_IRQHandler
                0x0800a488                SPI6_IRQHandler
                0x0800a488                MDIOS_IRQHandler
                0x0800a488                I2C4_EV_IRQHandler
                0x0800a488                FDCAN2_IT0_IRQHandler
                0x0800a488                LPUART1_IRQHandler
                0x0800a488                FDCAN1_IT0_IRQHandler
                0x0800a488                TIM2_IRQHandler
                0x0800a488                OTG_HS_IRQHandler
                0x0800a488                DMA2D_IRQHandler
                0x0800a488                TIM1_BRK_IRQHandler
                0x0800a488                EXTI1_IRQHandler
                0x0800a488                SDMMC2_IRQHandler
                0x0800a488                BDMA_Channel3_IRQHandler
                0x0800a488                DTS_IRQHandler
                0x0800a488                UART7_IRQHandler
                0x0800a488                MDIOS_WKUP_IRQHandler
                0x0800a488                USART2_IRQHandler
                0x0800a488                DFSDM1_FLT0_IRQHandler
                0x0800a488                SAI4_IRQHandler
                0x0800a488                I2C2_ER_IRQHandler
                0x0800a488                DMA2_Stream1_IRQHandler
                0x0800a488                FLASH_IRQHandler
                0x0800a488                DMA2_Stream4_IRQHandler
                0x0800a488                USART1_IRQHandler
                0x0800a488                SPI3_IRQHandler
                0x0800a488                WAKEUP_PIN_IRQHandler
                0x0800a488                DMA1_Stream4_IRQHandler
                0x0800a488                I2C1_ER_IRQHandler
                0x0800a488                FMC_IRQHandler
                0x0800a488                FDCAN_CAL_IRQHandler
                0x0800a488                SWPMI1_IRQHandler
                0x0800a488                COMP1_IRQHandler
                0x0800a488                LPTIM1_IRQHandler
                0x0800a488                DCMI_PSSI_IRQHandler
                0x0800a488                I2C4_ER_IRQHandler
                0x0800a488                DMA2_Stream6_IRQHandler
                0x0800a488                SAI1_IRQHandler
                0x0800a488                DMA1_Stream3_IRQHandler
 .text.app_init
                0x0800a48a        0xe CMakeFiles/TY_H723_CMake_1.dir/User/App/api_main.cpp.obj
                0x0800a48a                app_init
 .text.app_while
                0x0800a498        0xe CMakeFiles/TY_H723_CMake_1.dir/User/App/api_main.cpp.obj
                0x0800a498                app_while
 *fill*         0x0800a4a6        0x2 
 .text.__udivmoddi4
                0x0800a4a8      0x2f8 D:/Users/admin/Desktop/work/Toolchain/arm-gnu-toolchain-14.3.rel1/bin/../lib/gcc/arm-none-eabi/14.3.1/thumb/v7e-m+dp/hard\libgcc.a(_udivmoddi4.o)
                0x0800a4a8                __udivmoddi4
 .text.memset   0x0800a7a0       0x10 D:/Users/admin/Desktop/work/Toolchain/arm-gnu-toolchain-14.3.rel1/bin/../lib/gcc/arm-none-eabi/14.3.1/../../../../arm-none-eabi/lib/thumb/v7e-m+dp/hard\libg_nano.a(libc_a-memset.o)
                0x0800a7a0                memset
 .text.__libc_init_array
                0x0800a7b0       0x48 D:/Users/admin/Desktop/work/Toolchain/arm-gnu-toolchain-14.3.rel1/bin/../lib/gcc/arm-none-eabi/14.3.1/../../../../arm-none-eabi/lib/thumb/v7e-m+dp/hard\libg_nano.a(libc_a-init.o)
                0x0800a7b0                __libc_init_array
 .text.memcpy   0x0800a7f8       0x1c D:/Users/admin/Desktop/work/Toolchain/arm-gnu-toolchain-14.3.rel1/bin/../lib/gcc/arm-none-eabi/14.3.1/../../../../arm-none-eabi/lib/thumb/v7e-m+dp/hard\libg_nano.a(libc_a-memcpy-stub.o)
                0x0800a7f8                memcpy
 *(.glue_7)
 .glue_7        0x0800a814        0x0 linker stubs
 *(.glue_7t)
 .glue_7t       0x0800a814        0x0 linker stubs
 *(.eh_frame)
 .eh_frame      0x0800a814        0x0 D:/Users/admin/Desktop/work/Toolchain/arm-gnu-toolchain-14.3.rel1/bin/../lib/gcc/arm-none-eabi/14.3.1/thumb/v7e-m+dp/hard/crtbegin.o
 *(.init)
 .init          0x0800a814        0x4 D:/Users/admin/Desktop/work/Toolchain/arm-gnu-toolchain-14.3.rel1/bin/../lib/gcc/arm-none-eabi/14.3.1/thumb/v7e-m+dp/hard/crti.o
                0x0800a814                _init
 .init          0x0800a818        0x8 D:/Users/admin/Desktop/work/Toolchain/arm-gnu-toolchain-14.3.rel1/bin/../lib/gcc/arm-none-eabi/14.3.1/thumb/v7e-m+dp/hard/crtn.o
 *(.fini)
 .fini          0x0800a820        0x4 D:/Users/admin/Desktop/work/Toolchain/arm-gnu-toolchain-14.3.rel1/bin/../lib/gcc/arm-none-eabi/14.3.1/thumb/v7e-m+dp/hard/crti.o
                0x0800a820                _fini
 .fini          0x0800a824        0x8 D:/Users/admin/Desktop/work/Toolchain/arm-gnu-toolchain-14.3.rel1/bin/../lib/gcc/arm-none-eabi/14.3.1/thumb/v7e-m+dp/hard/crtn.o
                0x0800a82c                        . = ALIGN (0x4)
                0x0800a82c                        _etext = .

.vfp11_veneer   0x0800a82c        0x0
 .vfp11_veneer  0x0800a82c        0x0 linker stubs

.v4_bx          0x0800a82c        0x0
 .v4_bx         0x0800a82c        0x0 linker stubs

.iplt           0x0800a82c        0x0
 .iplt          0x0800a82c        0x0 D:/Users/admin/Desktop/work/Toolchain/arm-gnu-toolchain-14.3.rel1/bin/../lib/gcc/arm-none-eabi/14.3.1/thumb/v7e-m+dp/hard/crtbegin.o

.rodata         0x0800a82c       0x84
                0x0800a82c                        . = ALIGN (0x4)
 *(.rodata)
 .rodata        0x0800a82c       0x4c cmake/stm32cubemx/CMakeFiles/STM32_Drivers.dir/__/__/Drivers/STM32H7xx_HAL_Driver/Src/stm32h7xx_hal_fdcan.c.obj
 *(.rodata*)
 .rodata.D1CorePrescTable
                0x0800a878       0x10 cmake/stm32cubemx/CMakeFiles/STM32_Drivers.dir/__/__/Core/Src/system_stm32h7xx.c.obj
                0x0800a878                D1CorePrescTable
 .rodata.UARTPrescTable
                0x0800a888       0x18 cmake/stm32cubemx/CMakeFiles/STM32_Drivers.dir/__/__/Drivers/STM32H7xx_HAL_Driver/Src/stm32h7xx_hal_uart.c.obj
                0x0800a888                UARTPrescTable
 .rodata.numerator.1
                0x0800a8a0        0x8 cmake/stm32cubemx/CMakeFiles/STM32_Drivers.dir/__/__/Drivers/STM32H7xx_HAL_Driver/Src/stm32h7xx_hal_uart_ex.c.obj
 .rodata.denominator.0
                0x0800a8a8        0x8 cmake/stm32cubemx/CMakeFiles/STM32_Drivers.dir/__/__/Drivers/STM32H7xx_HAL_Driver/Src/stm32h7xx_hal_uart_ex.c.obj
                0x0800a8b0                        . = ALIGN (0x4)

.ARM.extab      0x0800a8b0        0x0
                0x0800a8b0                        . = ALIGN (0x4)
 *(.ARM.extab* .gnu.linkonce.armextab.*)
                0x0800a8b0                        . = ALIGN (0x4)

.ARM            0x0800a8b0        0x8
                0x0800a8b0                        . = ALIGN (0x4)
                0x0800a8b0                        __exidx_start = .
 *(.ARM.exidx*)
 .ARM.exidx.text.__udivmoddi4
                0x0800a8b0        0x8 D:/Users/admin/Desktop/work/Toolchain/arm-gnu-toolchain-14.3.rel1/bin/../lib/gcc/arm-none-eabi/14.3.1/thumb/v7e-m+dp/hard\libgcc.a(_udivmoddi4.o)
                0x0800a8b8                        __exidx_end = .
                0x0800a8b8                        . = ALIGN (0x4)

.preinit_array  0x0800a8b8        0x0
                0x0800a8b8                        . = ALIGN (0x4)
                0x0800a8b8                        PROVIDE (__preinit_array_start = .)
 *(.preinit_array*)
                0x0800a8b8                        PROVIDE (__preinit_array_end = .)
                0x0800a8b8                        . = ALIGN (0x4)

.init_array     0x0800a8b8        0x4
                0x0800a8b8                        . = ALIGN (0x4)
                0x0800a8b8                        PROVIDE (__init_array_start = .)
 *(SORT_BY_NAME(.init_array.*))
 *(.init_array*)
 .init_array    0x0800a8b8        0x4 D:/Users/admin/Desktop/work/Toolchain/arm-gnu-toolchain-14.3.rel1/bin/../lib/gcc/arm-none-eabi/14.3.1/thumb/v7e-m+dp/hard/crtbegin.o
                0x0800a8bc                        PROVIDE (__init_array_end = .)
                0x0800a8bc                        . = ALIGN (0x4)

.fini_array     0x0800a8bc        0x4
                0x0800a8bc                        . = ALIGN (0x4)
                [!provide]                        PROVIDE (__fini_array_start = .)
 *(SORT_BY_NAME(.fini_array.*))
 *(.fini_array*)
 .fini_array    0x0800a8bc        0x4 D:/Users/admin/Desktop/work/Toolchain/arm-gnu-toolchain-14.3.rel1/bin/../lib/gcc/arm-none-eabi/14.3.1/thumb/v7e-m+dp/hard/crtbegin.o
                [!provide]                        PROVIDE (__fini_array_end = .)
                0x0800a8c0                        . = ALIGN (0x4)
                0x0800a8c0                        _sidata = LOADADDR (.data)

.rel.dyn        0x0800a8c0        0x0
 .rel.iplt      0x0800a8c0        0x0 D:/Users/admin/Desktop/work/Toolchain/arm-gnu-toolchain-14.3.rel1/bin/../lib/gcc/arm-none-eabi/14.3.1/thumb/v7e-m+dp/hard/crtbegin.o

.data           0x20000000       0x10 load address 0x0800a8c0
                0x20000000                        . = ALIGN (0x4)
                0x20000000                        _sdata = .
 *(.data)
 *(.data*)
 .data.SystemCoreClock
                0x20000000        0x4 cmake/stm32cubemx/CMakeFiles/STM32_Drivers.dir/__/__/Core/Src/system_stm32h7xx.c.obj
                0x20000000                SystemCoreClock
 .data.SystemD2Clock
                0x20000004        0x4 cmake/stm32cubemx/CMakeFiles/STM32_Drivers.dir/__/__/Core/Src/system_stm32h7xx.c.obj
                0x20000004                SystemD2Clock
 .data.uwTickPrio
                0x20000008        0x4 cmake/stm32cubemx/CMakeFiles/STM32_Drivers.dir/__/__/Drivers/STM32H7xx_HAL_Driver/Src/stm32h7xx_hal.c.obj
                0x20000008                uwTickPrio
 .data.uwTickFreq
                0x2000000c        0x1 cmake/stm32cubemx/CMakeFiles/STM32_Drivers.dir/__/__/Drivers/STM32H7xx_HAL_Driver/Src/stm32h7xx_hal.c.obj
                0x2000000c                uwTickFreq
 *(.RamFunc)
 *(.RamFunc*)
                0x20000010                        . = ALIGN (0x4)
 *fill*         0x2000000d        0x3 

.tm_clone_table
                0x20000010        0x0 load address 0x0800a8d0
 .tm_clone_table
                0x20000010        0x0 D:/Users/admin/Desktop/work/Toolchain/arm-gnu-toolchain-14.3.rel1/bin/../lib/gcc/arm-none-eabi/14.3.1/thumb/v7e-m+dp/hard/crtbegin.o
 .tm_clone_table
                0x20000010        0x0 D:/Users/admin/Desktop/work/Toolchain/arm-gnu-toolchain-14.3.rel1/bin/../lib/gcc/arm-none-eabi/14.3.1/thumb/v7e-m+dp/hard/crtend.o

.igot.plt       0x20000010        0x0 load address 0x0800a8d0
 .igot.plt      0x20000010        0x0 D:/Users/admin/Desktop/work/Toolchain/arm-gnu-toolchain-14.3.rel1/bin/../lib/gcc/arm-none-eabi/14.3.1/thumb/v7e-m+dp/hard/crtbegin.o

.tdata          0x20000010        0x0 load address 0x0800a8d0
 *(.tdata .tdata.* .gnu.linkonce.td.*)
                0x20000010                        . = ALIGN (0x4)
                0x20000010                        _edata = .
                [!provide]                        PROVIDE (__data_end = .)
                [!provide]                        PROVIDE (__tdata_end = .)
                [!provide]                        PROVIDE (__tdata_start = ADDR (.tdata))
                [!provide]                        PROVIDE (__tdata_size = (__tdata_end - __tdata_start))
                [!provide]                        PROVIDE (__data_start = ADDR (.data))
                [!provide]                        PROVIDE (__data_size = (__data_end - __data_start))
                [!provide]                        PROVIDE (__tdata_source = LOADADDR (.tdata))
                [!provide]                        PROVIDE (__tdata_source_end = (LOADADDR (.tdata) + SIZEOF (.tdata)))
                [!provide]                        PROVIDE (__tdata_source_size = (__tdata_source_end - __tdata_source))
                [!provide]                        PROVIDE (__data_source = LOADADDR (.data))
                [!provide]                        PROVIDE (__data_source_end = __tdata_source_end)
                [!provide]                        PROVIDE (__data_source_size = (__data_source_end - __data_source))

.tbss           0x20000010        0x0 load address 0x0800a8d0
                0x20000010                        _sbss = .
                0x20000010                        __bss_start__ = _sbss
 *(.tbss .tbss.*)
                0x20000010                        . = ALIGN (0x4)
                [!provide]                        PROVIDE (__tbss_end = .)
                [!provide]                        PROVIDE (__tbss_start = ADDR (.tbss))
                [!provide]                        PROVIDE (__tbss_size = (__tbss_end - __tbss_start))
                [!provide]                        PROVIDE (__tbss_offset = (ADDR (.tbss) - ADDR (.tdata)))
                [!provide]                        PROVIDE (__tls_base = __tdata_start)
                [!provide]                        PROVIDE (__tls_end = __tbss_end)
                [!provide]                        PROVIDE (__tls_size = (__tls_end - __tls_base))
                [!provide]                        PROVIDE (__tls_align = MAX (ALIGNOF (.tdata), ALIGNOF (.tbss)))
                [!provide]                        PROVIDE (__tls_size_align = (((__tls_size + __tls_align) - 0x1) & ~ ((__tls_align - 0x1))))
                [!provide]                        PROVIDE (__arm32_tls_tcb_offset = MAX (0x8, __tls_align))
                [!provide]                        PROVIDE (__arm64_tls_tcb_offset = MAX (0x10, __tls_align))

.bss            0x20000010      0xa58 load address 0x0800a8d0
 *(.bss)
 *(.bss*)
 .bss.completed.1
                0x20000010        0x1 D:/Users/admin/Desktop/work/Toolchain/arm-gnu-toolchain-14.3.rel1/bin/../lib/gcc/arm-none-eabi/14.3.1/thumb/v7e-m+dp/hard/crtbegin.o
 *fill*         0x20000011        0x3 
 .bss.object.0  0x20000014       0x18 D:/Users/admin/Desktop/work/Toolchain/arm-gnu-toolchain-14.3.rel1/bin/../lib/gcc/arm-none-eabi/14.3.1/thumb/v7e-m+dp/hard/crtbegin.o
 .bss.uwTick    0x2000002c        0x4 cmake/stm32cubemx/CMakeFiles/STM32_Drivers.dir/__/__/Drivers/STM32H7xx_HAL_Driver/Src/stm32h7xx_hal.c.obj
                0x2000002c                uwTick
 .bss.hadc1     0x20000030       0x70 CMakeFiles/TY_H723_CMake_1.dir/Core/Src/adc.c.obj
                0x20000030                hadc1
 .bss.hfdcan1   0x200000a0       0xa0 CMakeFiles/TY_H723_CMake_1.dir/Core/Src/fdcan.c.obj
                0x200000a0                hfdcan1
 .bss.hfdcan2   0x20000140       0xa0 CMakeFiles/TY_H723_CMake_1.dir/Core/Src/fdcan.c.obj
                0x20000140                hfdcan2
 .bss.hfdcan3   0x200001e0       0xa0 CMakeFiles/TY_H723_CMake_1.dir/Core/Src/fdcan.c.obj
                0x200001e0                hfdcan3
 .bss.HAL_RCC_FDCAN_CLK_ENABLED
                0x20000280        0x4 CMakeFiles/TY_H723_CMake_1.dir/Core/Src/fdcan.c.obj
 .bss.hi2c1     0x20000284       0x54 CMakeFiles/TY_H723_CMake_1.dir/Core/Src/i2c.c.obj
                0x20000284                hi2c1
 .bss.hi2c2     0x200002d8       0x54 CMakeFiles/TY_H723_CMake_1.dir/Core/Src/i2c.c.obj
                0x200002d8                hi2c2
 .bss.hi2c3     0x2000032c       0x54 CMakeFiles/TY_H723_CMake_1.dir/Core/Src/i2c.c.obj
                0x2000032c                hi2c3
 .bss.hspi3     0x20000380       0x88 CMakeFiles/TY_H723_CMake_1.dir/Core/Src/spi.c.obj
                0x20000380                hspi3
 .bss.htim2     0x20000408       0x4c CMakeFiles/TY_H723_CMake_1.dir/Core/Src/tim.c.obj
                0x20000408                htim2
 .bss.htim3     0x20000454       0x4c CMakeFiles/TY_H723_CMake_1.dir/Core/Src/tim.c.obj
                0x20000454                htim3
 .bss.huart4    0x200004a0       0x94 CMakeFiles/TY_H723_CMake_1.dir/Core/Src/usart.c.obj
                0x200004a0                huart4
 .bss.huart5    0x20000534       0x94 CMakeFiles/TY_H723_CMake_1.dir/Core/Src/usart.c.obj
                0x20000534                huart5
 .bss.huart7    0x200005c8       0x94 CMakeFiles/TY_H723_CMake_1.dir/Core/Src/usart.c.obj
                0x200005c8                huart7
 .bss.huart8    0x2000065c       0x94 CMakeFiles/TY_H723_CMake_1.dir/Core/Src/usart.c.obj
                0x2000065c                huart8
 .bss.huart9    0x200006f0       0x94 CMakeFiles/TY_H723_CMake_1.dir/Core/Src/usart.c.obj
                0x200006f0                huart9
 .bss.huart1    0x20000784       0x94 CMakeFiles/TY_H723_CMake_1.dir/Core/Src/usart.c.obj
                0x20000784                huart1
 .bss.huart2    0x20000818       0x94 CMakeFiles/TY_H723_CMake_1.dir/Core/Src/usart.c.obj
                0x20000818                huart2
 .bss.huart3    0x200008ac       0x94 CMakeFiles/TY_H723_CMake_1.dir/Core/Src/usart.c.obj
                0x200008ac                huart3
 .bss.huart6    0x20000940       0x94 CMakeFiles/TY_H723_CMake_1.dir/Core/Src/usart.c.obj
                0x20000940                huart6
 .bss.huart10   0x200009d4       0x94 CMakeFiles/TY_H723_CMake_1.dir/Core/Src/usart.c.obj
                0x200009d4                huart10
 *(COMMON)
                0x20000a68                        . = ALIGN (0x4)
                0x20000a68                        _ebss = .
                0x20000a68                        __bss_end__ = _ebss
                [!provide]                        PROVIDE (__bss_end = .)
                [!provide]                        PROVIDE (__non_tls_bss_start = ADDR (.bss))
                [!provide]                        PROVIDE (__bss_start = __tbss_start)
                [!provide]                        PROVIDE (__bss_size = (__bss_end - __bss_start))

._user_heap_stack
                0x20000a68      0x800 load address 0x0800a8d0
                0x20000a68                        . = ALIGN (0x8)
                [!provide]                        PROVIDE (end = .)
                0x20000a68                        PROVIDE (_end = .)
                0x20000e68                        . = (. + _Min_Heap_Size)
 *fill*         0x20000a68      0x400 
                0x20001268                        . = (. + _Min_Stack_Size)
 *fill*         0x20000e68      0x400 
                0x20001268                        . = ALIGN (0x8)

/DISCARD/
 libc.a:*(*)
 libm.a:*(*)
 libgcc.a:*(*)
OUTPUT(TY_H723_CMake_1.elf elf32-littlearm)
LOAD linker stubs

.ARM.attributes
                0x00000000       0x2e
 .ARM.attributes
                0x00000000       0x20 D:/Users/admin/Desktop/work/Toolchain/arm-gnu-toolchain-14.3.rel1/bin/../lib/gcc/arm-none-eabi/14.3.1/thumb/v7e-m+dp/hard/crti.o
 .ARM.attributes
                0x00000020       0x32 D:/Users/admin/Desktop/work/Toolchain/arm-gnu-toolchain-14.3.rel1/bin/../lib/gcc/arm-none-eabi/14.3.1/thumb/v7e-m+dp/hard/crtbegin.o
 .ARM.attributes
                0x00000052       0x32 cmake/stm32cubemx/CMakeFiles/STM32_Drivers.dir/__/__/Core/Src/system_stm32h7xx.c.obj
 .ARM.attributes
                0x00000084       0x32 cmake/stm32cubemx/CMakeFiles/STM32_Drivers.dir/__/__/Drivers/STM32H7xx_HAL_Driver/Src/stm32h7xx_hal_adc.c.obj
 .ARM.attributes
                0x000000b6       0x32 cmake/stm32cubemx/CMakeFiles/STM32_Drivers.dir/__/__/Drivers/STM32H7xx_HAL_Driver/Src/stm32h7xx_hal_adc_ex.c.obj
 .ARM.attributes
                0x000000e8       0x32 cmake/stm32cubemx/CMakeFiles/STM32_Drivers.dir/__/__/Drivers/STM32H7xx_HAL_Driver/Src/stm32h7xx_hal_rcc.c.obj
 .ARM.attributes
                0x0000011a       0x32 cmake/stm32cubemx/CMakeFiles/STM32_Drivers.dir/__/__/Drivers/STM32H7xx_HAL_Driver/Src/stm32h7xx_hal_rcc_ex.c.obj
 .ARM.attributes
                0x0000014c       0x32 cmake/stm32cubemx/CMakeFiles/STM32_Drivers.dir/__/__/Drivers/STM32H7xx_HAL_Driver/Src/stm32h7xx_hal_gpio.c.obj
 .ARM.attributes
                0x0000017e       0x32 cmake/stm32cubemx/CMakeFiles/STM32_Drivers.dir/__/__/Drivers/STM32H7xx_HAL_Driver/Src/stm32h7xx_hal_pwr_ex.c.obj
 .ARM.attributes
                0x000001b0       0x32 cmake/stm32cubemx/CMakeFiles/STM32_Drivers.dir/__/__/Drivers/STM32H7xx_HAL_Driver/Src/stm32h7xx_hal_cortex.c.obj
 .ARM.attributes
                0x000001e2       0x32 cmake/stm32cubemx/CMakeFiles/STM32_Drivers.dir/__/__/Drivers/STM32H7xx_HAL_Driver/Src/stm32h7xx_hal.c.obj
 .ARM.attributes
                0x00000214       0x32 cmake/stm32cubemx/CMakeFiles/STM32_Drivers.dir/__/__/Drivers/STM32H7xx_HAL_Driver/Src/stm32h7xx_hal_i2c.c.obj
 .ARM.attributes
                0x00000246       0x32 cmake/stm32cubemx/CMakeFiles/STM32_Drivers.dir/__/__/Drivers/STM32H7xx_HAL_Driver/Src/stm32h7xx_hal_i2c_ex.c.obj
 .ARM.attributes
                0x00000278       0x32 cmake/stm32cubemx/CMakeFiles/STM32_Drivers.dir/__/__/Drivers/STM32H7xx_HAL_Driver/Src/stm32h7xx_hal_fdcan.c.obj
 .ARM.attributes
                0x000002aa       0x32 cmake/stm32cubemx/CMakeFiles/STM32_Drivers.dir/__/__/Drivers/STM32H7xx_HAL_Driver/Src/stm32h7xx_hal_spi.c.obj
 .ARM.attributes
                0x000002dc       0x32 cmake/stm32cubemx/CMakeFiles/STM32_Drivers.dir/__/__/Drivers/STM32H7xx_HAL_Driver/Src/stm32h7xx_hal_tim.c.obj
 .ARM.attributes
                0x0000030e       0x32 cmake/stm32cubemx/CMakeFiles/STM32_Drivers.dir/__/__/Drivers/STM32H7xx_HAL_Driver/Src/stm32h7xx_hal_tim_ex.c.obj
 .ARM.attributes
                0x00000340       0x32 cmake/stm32cubemx/CMakeFiles/STM32_Drivers.dir/__/__/Drivers/STM32H7xx_HAL_Driver/Src/stm32h7xx_hal_uart.c.obj
 .ARM.attributes
                0x00000372       0x32 cmake/stm32cubemx/CMakeFiles/STM32_Drivers.dir/__/__/Drivers/STM32H7xx_HAL_Driver/Src/stm32h7xx_hal_uart_ex.c.obj
 .ARM.attributes
                0x000003a4       0x32 CMakeFiles/TY_H723_CMake_1.dir/Core/Src/main.c.obj
 .ARM.attributes
                0x000003d6       0x32 CMakeFiles/TY_H723_CMake_1.dir/Core/Src/gpio.c.obj
 .ARM.attributes
                0x00000408       0x32 CMakeFiles/TY_H723_CMake_1.dir/Core/Src/adc.c.obj
 .ARM.attributes
                0x0000043a       0x32 CMakeFiles/TY_H723_CMake_1.dir/Core/Src/fdcan.c.obj
 .ARM.attributes
                0x0000046c       0x32 CMakeFiles/TY_H723_CMake_1.dir/Core/Src/i2c.c.obj
 .ARM.attributes
                0x0000049e       0x32 CMakeFiles/TY_H723_CMake_1.dir/Core/Src/spi.c.obj
 .ARM.attributes
                0x000004d0       0x32 CMakeFiles/TY_H723_CMake_1.dir/Core/Src/tim.c.obj
 .ARM.attributes
                0x00000502       0x32 CMakeFiles/TY_H723_CMake_1.dir/Core/Src/usart.c.obj
 .ARM.attributes
                0x00000534       0x32 CMakeFiles/TY_H723_CMake_1.dir/Core/Src/stm32h7xx_it.c.obj
 .ARM.attributes
                0x00000566       0x32 CMakeFiles/TY_H723_CMake_1.dir/Core/Src/stm32h7xx_hal_msp.c.obj
 .ARM.attributes
                0x00000598       0x21 CMakeFiles/TY_H723_CMake_1.dir/startup_stm32h723xx.s.obj
 .ARM.attributes
                0x000005b9       0x32 CMakeFiles/TY_H723_CMake_1.dir/User/App/api_main.cpp.obj
 .ARM.attributes
                0x000005eb       0x20 D:/Users/admin/Desktop/work/Toolchain/arm-gnu-toolchain-14.3.rel1/bin/../lib/gcc/arm-none-eabi/14.3.1/thumb/v7e-m+dp/hard\libgcc.a(_aeabi_uldivmod.o)
 .ARM.attributes
                0x0000060b       0x32 D:/Users/admin/Desktop/work/Toolchain/arm-gnu-toolchain-14.3.rel1/bin/../lib/gcc/arm-none-eabi/14.3.1/thumb/v7e-m+dp/hard\libgcc.a(_udivmoddi4.o)
 .ARM.attributes
                0x0000063d       0x20 D:/Users/admin/Desktop/work/Toolchain/arm-gnu-toolchain-14.3.rel1/bin/../lib/gcc/arm-none-eabi/14.3.1/thumb/v7e-m+dp/hard\libgcc.a(_dvmd_tls.o)
 .ARM.attributes
                0x0000065d       0x32 D:/Users/admin/Desktop/work/Toolchain/arm-gnu-toolchain-14.3.rel1/bin/../lib/gcc/arm-none-eabi/14.3.1/../../../../arm-none-eabi/lib/thumb/v7e-m+dp/hard\libg_nano.a(libc_a-memset.o)
 .ARM.attributes
                0x0000068f       0x32 D:/Users/admin/Desktop/work/Toolchain/arm-gnu-toolchain-14.3.rel1/bin/../lib/gcc/arm-none-eabi/14.3.1/../../../../arm-none-eabi/lib/thumb/v7e-m+dp/hard\libg_nano.a(libc_a-init.o)
 .ARM.attributes
                0x000006c1       0x32 D:/Users/admin/Desktop/work/Toolchain/arm-gnu-toolchain-14.3.rel1/bin/../lib/gcc/arm-none-eabi/14.3.1/../../../../arm-none-eabi/lib/thumb/v7e-m+dp/hard\libg_nano.a(libc_a-memcpy-stub.o)
 .ARM.attributes
                0x000006f3       0x32 D:/Users/admin/Desktop/work/Toolchain/arm-gnu-toolchain-14.3.rel1/bin/../lib/gcc/arm-none-eabi/14.3.1/thumb/v7e-m+dp/hard/crtend.o
 .ARM.attributes
                0x00000725       0x20 D:/Users/admin/Desktop/work/Toolchain/arm-gnu-toolchain-14.3.rel1/bin/../lib/gcc/arm-none-eabi/14.3.1/thumb/v7e-m+dp/hard/crtn.o

.comment        0x00000000       0x46
 .comment       0x00000000       0x46 cmake/stm32cubemx/CMakeFiles/STM32_Drivers.dir/__/__/Core/Src/system_stm32h7xx.c.obj
                                 0x47 (size before relaxing)
 .comment       0x00000046       0x47 cmake/stm32cubemx/CMakeFiles/STM32_Drivers.dir/__/__/Drivers/STM32H7xx_HAL_Driver/Src/stm32h7xx_hal_adc.c.obj
 .comment       0x00000046       0x47 cmake/stm32cubemx/CMakeFiles/STM32_Drivers.dir/__/__/Drivers/STM32H7xx_HAL_Driver/Src/stm32h7xx_hal_adc_ex.c.obj
 .comment       0x00000046       0x47 cmake/stm32cubemx/CMakeFiles/STM32_Drivers.dir/__/__/Drivers/STM32H7xx_HAL_Driver/Src/stm32h7xx_hal_rcc.c.obj
 .comment       0x00000046       0x47 cmake/stm32cubemx/CMakeFiles/STM32_Drivers.dir/__/__/Drivers/STM32H7xx_HAL_Driver/Src/stm32h7xx_hal_rcc_ex.c.obj
 .comment       0x00000046       0x47 cmake/stm32cubemx/CMakeFiles/STM32_Drivers.dir/__/__/Drivers/STM32H7xx_HAL_Driver/Src/stm32h7xx_hal_gpio.c.obj
 .comment       0x00000046       0x47 cmake/stm32cubemx/CMakeFiles/STM32_Drivers.dir/__/__/Drivers/STM32H7xx_HAL_Driver/Src/stm32h7xx_hal_pwr_ex.c.obj
 .comment       0x00000046       0x47 cmake/stm32cubemx/CMakeFiles/STM32_Drivers.dir/__/__/Drivers/STM32H7xx_HAL_Driver/Src/stm32h7xx_hal_cortex.c.obj
 .comment       0x00000046       0x47 cmake/stm32cubemx/CMakeFiles/STM32_Drivers.dir/__/__/Drivers/STM32H7xx_HAL_Driver/Src/stm32h7xx_hal.c.obj
 .comment       0x00000046       0x47 cmake/stm32cubemx/CMakeFiles/STM32_Drivers.dir/__/__/Drivers/STM32H7xx_HAL_Driver/Src/stm32h7xx_hal_i2c.c.obj
 .comment       0x00000046       0x47 cmake/stm32cubemx/CMakeFiles/STM32_Drivers.dir/__/__/Drivers/STM32H7xx_HAL_Driver/Src/stm32h7xx_hal_i2c_ex.c.obj
 .comment       0x00000046       0x47 cmake/stm32cubemx/CMakeFiles/STM32_Drivers.dir/__/__/Drivers/STM32H7xx_HAL_Driver/Src/stm32h7xx_hal_fdcan.c.obj
 .comment       0x00000046       0x47 cmake/stm32cubemx/CMakeFiles/STM32_Drivers.dir/__/__/Drivers/STM32H7xx_HAL_Driver/Src/stm32h7xx_hal_spi.c.obj
 .comment       0x00000046       0x47 cmake/stm32cubemx/CMakeFiles/STM32_Drivers.dir/__/__/Drivers/STM32H7xx_HAL_Driver/Src/stm32h7xx_hal_tim.c.obj
 .comment       0x00000046       0x47 cmake/stm32cubemx/CMakeFiles/STM32_Drivers.dir/__/__/Drivers/STM32H7xx_HAL_Driver/Src/stm32h7xx_hal_tim_ex.c.obj
 .comment       0x00000046       0x47 cmake/stm32cubemx/CMakeFiles/STM32_Drivers.dir/__/__/Drivers/STM32H7xx_HAL_Driver/Src/stm32h7xx_hal_uart.c.obj
 .comment       0x00000046       0x47 cmake/stm32cubemx/CMakeFiles/STM32_Drivers.dir/__/__/Drivers/STM32H7xx_HAL_Driver/Src/stm32h7xx_hal_uart_ex.c.obj
 .comment       0x00000046       0x47 CMakeFiles/TY_H723_CMake_1.dir/Core/Src/main.c.obj
 .comment       0x00000046       0x47 CMakeFiles/TY_H723_CMake_1.dir/Core/Src/gpio.c.obj
 .comment       0x00000046       0x47 CMakeFiles/TY_H723_CMake_1.dir/Core/Src/adc.c.obj
 .comment       0x00000046       0x47 CMakeFiles/TY_H723_CMake_1.dir/Core/Src/fdcan.c.obj
 .comment       0x00000046       0x47 CMakeFiles/TY_H723_CMake_1.dir/Core/Src/i2c.c.obj
 .comment       0x00000046       0x47 CMakeFiles/TY_H723_CMake_1.dir/Core/Src/spi.c.obj
 .comment       0x00000046       0x47 CMakeFiles/TY_H723_CMake_1.dir/Core/Src/tim.c.obj
 .comment       0x00000046       0x47 CMakeFiles/TY_H723_CMake_1.dir/Core/Src/usart.c.obj
 .comment       0x00000046       0x47 CMakeFiles/TY_H723_CMake_1.dir/Core/Src/stm32h7xx_it.c.obj
 .comment       0x00000046       0x47 CMakeFiles/TY_H723_CMake_1.dir/Core/Src/stm32h7xx_hal_msp.c.obj
 .comment       0x00000046       0x47 CMakeFiles/TY_H723_CMake_1.dir/User/App/api_main.cpp.obj

.debug_info     0x00000000    0x25175
 .debug_info    0x00000000      0xbf0 cmake/stm32cubemx/CMakeFiles/STM32_Drivers.dir/__/__/Core/Src/system_stm32h7xx.c.obj
 .debug_info    0x00000bf0     0x2320 cmake/stm32cubemx/CMakeFiles/STM32_Drivers.dir/__/__/Drivers/STM32H7xx_HAL_Driver/Src/stm32h7xx_hal_adc.c.obj
 .debug_info    0x00002f10     0x22fa cmake/stm32cubemx/CMakeFiles/STM32_Drivers.dir/__/__/Drivers/STM32H7xx_HAL_Driver/Src/stm32h7xx_hal_adc_ex.c.obj
 .debug_info    0x0000520a      0xd82 cmake/stm32cubemx/CMakeFiles/STM32_Drivers.dir/__/__/Drivers/STM32H7xx_HAL_Driver/Src/stm32h7xx_hal_rcc.c.obj
 .debug_info    0x00005f8c     0x120b cmake/stm32cubemx/CMakeFiles/STM32_Drivers.dir/__/__/Drivers/STM32H7xx_HAL_Driver/Src/stm32h7xx_hal_rcc_ex.c.obj
 .debug_info    0x00007197      0xc6b cmake/stm32cubemx/CMakeFiles/STM32_Drivers.dir/__/__/Drivers/STM32H7xx_HAL_Driver/Src/stm32h7xx_hal_gpio.c.obj
 .debug_info    0x00007e02      0xdce cmake/stm32cubemx/CMakeFiles/STM32_Drivers.dir/__/__/Drivers/STM32H7xx_HAL_Driver/Src/stm32h7xx_hal_pwr_ex.c.obj
 .debug_info    0x00008bd0     0x10a5 cmake/stm32cubemx/CMakeFiles/STM32_Drivers.dir/__/__/Drivers/STM32H7xx_HAL_Driver/Src/stm32h7xx_hal_cortex.c.obj
 .debug_info    0x00009c75     0x1698 cmake/stm32cubemx/CMakeFiles/STM32_Drivers.dir/__/__/Drivers/STM32H7xx_HAL_Driver/Src/stm32h7xx_hal.c.obj
 .debug_info    0x0000b30d     0x22c9 cmake/stm32cubemx/CMakeFiles/STM32_Drivers.dir/__/__/Drivers/STM32H7xx_HAL_Driver/Src/stm32h7xx_hal_i2c.c.obj
 .debug_info    0x0000d5d6      0xd95 cmake/stm32cubemx/CMakeFiles/STM32_Drivers.dir/__/__/Drivers/STM32H7xx_HAL_Driver/Src/stm32h7xx_hal_i2c_ex.c.obj
 .debug_info    0x0000e36b     0x2baf cmake/stm32cubemx/CMakeFiles/STM32_Drivers.dir/__/__/Drivers/STM32H7xx_HAL_Driver/Src/stm32h7xx_hal_fdcan.c.obj
 .debug_info    0x00010f1a     0x144a cmake/stm32cubemx/CMakeFiles/STM32_Drivers.dir/__/__/Drivers/STM32H7xx_HAL_Driver/Src/stm32h7xx_hal_spi.c.obj
 .debug_info    0x00012364     0x2bae cmake/stm32cubemx/CMakeFiles/STM32_Drivers.dir/__/__/Drivers/STM32H7xx_HAL_Driver/Src/stm32h7xx_hal_tim.c.obj
 .debug_info    0x00014f12     0x18c1 cmake/stm32cubemx/CMakeFiles/STM32_Drivers.dir/__/__/Drivers/STM32H7xx_HAL_Driver/Src/stm32h7xx_hal_tim_ex.c.obj
 .debug_info    0x000167d3     0x4b1d cmake/stm32cubemx/CMakeFiles/STM32_Drivers.dir/__/__/Drivers/STM32H7xx_HAL_Driver/Src/stm32h7xx_hal_uart.c.obj
 .debug_info    0x0001b2f0      0xfbf cmake/stm32cubemx/CMakeFiles/STM32_Drivers.dir/__/__/Drivers/STM32H7xx_HAL_Driver/Src/stm32h7xx_hal_uart_ex.c.obj
 .debug_info    0x0001c2af      0x483 CMakeFiles/TY_H723_CMake_1.dir/Core/Src/main.c.obj
 .debug_info    0x0001c732      0x66c CMakeFiles/TY_H723_CMake_1.dir/Core/Src/gpio.c.obj
 .debug_info    0x0001cd9e     0x1275 CMakeFiles/TY_H723_CMake_1.dir/Core/Src/adc.c.obj
 .debug_info    0x0001e013     0x1210 CMakeFiles/TY_H723_CMake_1.dir/Core/Src/fdcan.c.obj
 .debug_info    0x0001f223     0x10bd CMakeFiles/TY_H723_CMake_1.dir/Core/Src/i2c.c.obj
 .debug_info    0x000202e0     0x1092 CMakeFiles/TY_H723_CMake_1.dir/Core/Src/spi.c.obj
 .debug_info    0x00021372      0xf3a CMakeFiles/TY_H723_CMake_1.dir/Core/Src/tim.c.obj
 .debug_info    0x000222ac     0x1430 CMakeFiles/TY_H723_CMake_1.dir/Core/Src/usart.c.obj
 .debug_info    0x000236dc      0x128 CMakeFiles/TY_H723_CMake_1.dir/Core/Src/stm32h7xx_it.c.obj
 .debug_info    0x00023804      0x464 CMakeFiles/TY_H723_CMake_1.dir/Core/Src/stm32h7xx_hal_msp.c.obj
 .debug_info    0x00023c68       0x30 CMakeFiles/TY_H723_CMake_1.dir/startup_stm32h723xx.s.obj
 .debug_info    0x00023c98     0x14dd CMakeFiles/TY_H723_CMake_1.dir/User/App/api_main.cpp.obj

.debug_abbrev   0x00000000     0x3f96
 .debug_abbrev  0x00000000      0x153 cmake/stm32cubemx/CMakeFiles/STM32_Drivers.dir/__/__/Core/Src/system_stm32h7xx.c.obj
 .debug_abbrev  0x00000153      0x307 cmake/stm32cubemx/CMakeFiles/STM32_Drivers.dir/__/__/Drivers/STM32H7xx_HAL_Driver/Src/stm32h7xx_hal_adc.c.obj
 .debug_abbrev  0x0000045a      0x345 cmake/stm32cubemx/CMakeFiles/STM32_Drivers.dir/__/__/Drivers/STM32H7xx_HAL_Driver/Src/stm32h7xx_hal_adc_ex.c.obj
 .debug_abbrev  0x0000079f      0x2b1 cmake/stm32cubemx/CMakeFiles/STM32_Drivers.dir/__/__/Drivers/STM32H7xx_HAL_Driver/Src/stm32h7xx_hal_rcc.c.obj
 .debug_abbrev  0x00000a50      0x269 cmake/stm32cubemx/CMakeFiles/STM32_Drivers.dir/__/__/Drivers/STM32H7xx_HAL_Driver/Src/stm32h7xx_hal_rcc_ex.c.obj
 .debug_abbrev  0x00000cb9      0x205 cmake/stm32cubemx/CMakeFiles/STM32_Drivers.dir/__/__/Drivers/STM32H7xx_HAL_Driver/Src/stm32h7xx_hal_gpio.c.obj
 .debug_abbrev  0x00000ebe      0x295 cmake/stm32cubemx/CMakeFiles/STM32_Drivers.dir/__/__/Drivers/STM32H7xx_HAL_Driver/Src/stm32h7xx_hal_pwr_ex.c.obj
 .debug_abbrev  0x00001153      0x339 cmake/stm32cubemx/CMakeFiles/STM32_Drivers.dir/__/__/Drivers/STM32H7xx_HAL_Driver/Src/stm32h7xx_hal_cortex.c.obj
 .debug_abbrev  0x0000148c      0x29e cmake/stm32cubemx/CMakeFiles/STM32_Drivers.dir/__/__/Drivers/STM32H7xx_HAL_Driver/Src/stm32h7xx_hal.c.obj
 .debug_abbrev  0x0000172a      0x25d cmake/stm32cubemx/CMakeFiles/STM32_Drivers.dir/__/__/Drivers/STM32H7xx_HAL_Driver/Src/stm32h7xx_hal_i2c.c.obj
 .debug_abbrev  0x00001987      0x1f5 cmake/stm32cubemx/CMakeFiles/STM32_Drivers.dir/__/__/Drivers/STM32H7xx_HAL_Driver/Src/stm32h7xx_hal_i2c_ex.c.obj
 .debug_abbrev  0x00001b7c      0x288 cmake/stm32cubemx/CMakeFiles/STM32_Drivers.dir/__/__/Drivers/STM32H7xx_HAL_Driver/Src/stm32h7xx_hal_fdcan.c.obj
 .debug_abbrev  0x00001e04      0x2b1 cmake/stm32cubemx/CMakeFiles/STM32_Drivers.dir/__/__/Drivers/STM32H7xx_HAL_Driver/Src/stm32h7xx_hal_spi.c.obj
 .debug_abbrev  0x000020b5      0x276 cmake/stm32cubemx/CMakeFiles/STM32_Drivers.dir/__/__/Drivers/STM32H7xx_HAL_Driver/Src/stm32h7xx_hal_tim.c.obj
 .debug_abbrev  0x0000232b      0x296 cmake/stm32cubemx/CMakeFiles/STM32_Drivers.dir/__/__/Drivers/STM32H7xx_HAL_Driver/Src/stm32h7xx_hal_tim_ex.c.obj
 .debug_abbrev  0x000025c1      0x33d cmake/stm32cubemx/CMakeFiles/STM32_Drivers.dir/__/__/Drivers/STM32H7xx_HAL_Driver/Src/stm32h7xx_hal_uart.c.obj
 .debug_abbrev  0x000028fe      0x2d2 cmake/stm32cubemx/CMakeFiles/STM32_Drivers.dir/__/__/Drivers/STM32H7xx_HAL_Driver/Src/stm32h7xx_hal_uart_ex.c.obj
 .debug_abbrev  0x00002bd0      0x1be CMakeFiles/TY_H723_CMake_1.dir/Core/Src/main.c.obj
 .debug_abbrev  0x00002d8e      0x189 CMakeFiles/TY_H723_CMake_1.dir/Core/Src/gpio.c.obj
 .debug_abbrev  0x00002f17      0x225 CMakeFiles/TY_H723_CMake_1.dir/Core/Src/adc.c.obj
 .debug_abbrev  0x0000313c      0x249 CMakeFiles/TY_H723_CMake_1.dir/Core/Src/fdcan.c.obj
 .debug_abbrev  0x00003385      0x28c CMakeFiles/TY_H723_CMake_1.dir/Core/Src/i2c.c.obj
 .debug_abbrev  0x00003611      0x229 CMakeFiles/TY_H723_CMake_1.dir/Core/Src/spi.c.obj
 .debug_abbrev  0x0000383a      0x249 CMakeFiles/TY_H723_CMake_1.dir/Core/Src/tim.c.obj
 .debug_abbrev  0x00003a83      0x262 CMakeFiles/TY_H723_CMake_1.dir/Core/Src/usart.c.obj
 .debug_abbrev  0x00003ce5       0x73 CMakeFiles/TY_H723_CMake_1.dir/Core/Src/stm32h7xx_it.c.obj
 .debug_abbrev  0x00003d58       0xdb CMakeFiles/TY_H723_CMake_1.dir/Core/Src/stm32h7xx_hal_msp.c.obj
 .debug_abbrev  0x00003e33       0x24 CMakeFiles/TY_H723_CMake_1.dir/startup_stm32h723xx.s.obj
 .debug_abbrev  0x00003e57      0x13f CMakeFiles/TY_H723_CMake_1.dir/User/App/api_main.cpp.obj

.debug_aranges  0x00000000     0x1d90
 .debug_aranges
                0x00000000       0x30 cmake/stm32cubemx/CMakeFiles/STM32_Drivers.dir/__/__/Core/Src/system_stm32h7xx.c.obj
 .debug_aranges
                0x00000030      0x268 cmake/stm32cubemx/CMakeFiles/STM32_Drivers.dir/__/__/Drivers/STM32H7xx_HAL_Driver/Src/stm32h7xx_hal_adc.c.obj
 .debug_aranges
                0x00000298      0x1f8 cmake/stm32cubemx/CMakeFiles/STM32_Drivers.dir/__/__/Drivers/STM32H7xx_HAL_Driver/Src/stm32h7xx_hal_adc_ex.c.obj
 .debug_aranges
                0x00000490       0x88 cmake/stm32cubemx/CMakeFiles/STM32_Drivers.dir/__/__/Drivers/STM32H7xx_HAL_Driver/Src/stm32h7xx_hal_rcc.c.obj
 .debug_aranges
                0x00000518       0xf8 cmake/stm32cubemx/CMakeFiles/STM32_Drivers.dir/__/__/Drivers/STM32H7xx_HAL_Driver/Src/stm32h7xx_hal_rcc_ex.c.obj
 .debug_aranges
                0x00000610       0x58 cmake/stm32cubemx/CMakeFiles/STM32_Drivers.dir/__/__/Drivers/STM32H7xx_HAL_Driver/Src/stm32h7xx_hal_gpio.c.obj
 .debug_aranges
                0x00000668      0x148 cmake/stm32cubemx/CMakeFiles/STM32_Drivers.dir/__/__/Drivers/STM32H7xx_HAL_Driver/Src/stm32h7xx_hal_pwr_ex.c.obj
 .debug_aranges
                0x000007b0      0x130 cmake/stm32cubemx/CMakeFiles/STM32_Drivers.dir/__/__/Drivers/STM32H7xx_HAL_Driver/Src/stm32h7xx_hal_cortex.c.obj
 .debug_aranges
                0x000008e0      0x1c8 cmake/stm32cubemx/CMakeFiles/STM32_Drivers.dir/__/__/Drivers/STM32H7xx_HAL_Driver/Src/stm32h7xx_hal.c.obj
 .debug_aranges
                0x00000aa8      0x2a0 cmake/stm32cubemx/CMakeFiles/STM32_Drivers.dir/__/__/Drivers/STM32H7xx_HAL_Driver/Src/stm32h7xx_hal_i2c.c.obj
 .debug_aranges
                0x00000d48       0x48 cmake/stm32cubemx/CMakeFiles/STM32_Drivers.dir/__/__/Drivers/STM32H7xx_HAL_Driver/Src/stm32h7xx_hal_i2c_ex.c.obj
 .debug_aranges
                0x00000d90      0x338 cmake/stm32cubemx/CMakeFiles/STM32_Drivers.dir/__/__/Drivers/STM32H7xx_HAL_Driver/Src/stm32h7xx_hal_fdcan.c.obj
 .debug_aranges
                0x000010c8      0x1a8 cmake/stm32cubemx/CMakeFiles/STM32_Drivers.dir/__/__/Drivers/STM32H7xx_HAL_Driver/Src/stm32h7xx_hal_spi.c.obj
 .debug_aranges
                0x00001270      0x3e0 cmake/stm32cubemx/CMakeFiles/STM32_Drivers.dir/__/__/Drivers/STM32H7xx_HAL_Driver/Src/stm32h7xx_hal_tim.c.obj
 .debug_aranges
                0x00001650      0x198 cmake/stm32cubemx/CMakeFiles/STM32_Drivers.dir/__/__/Drivers/STM32H7xx_HAL_Driver/Src/stm32h7xx_hal_tim_ex.c.obj
 .debug_aranges
                0x000017e8      0x248 cmake/stm32cubemx/CMakeFiles/STM32_Drivers.dir/__/__/Drivers/STM32H7xx_HAL_Driver/Src/stm32h7xx_hal_uart.c.obj
 .debug_aranges
                0x00001a30       0xa8 cmake/stm32cubemx/CMakeFiles/STM32_Drivers.dir/__/__/Drivers/STM32H7xx_HAL_Driver/Src/stm32h7xx_hal_uart_ex.c.obj
 .debug_aranges
                0x00001ad8       0x30 CMakeFiles/TY_H723_CMake_1.dir/Core/Src/main.c.obj
 .debug_aranges
                0x00001b08       0x20 CMakeFiles/TY_H723_CMake_1.dir/Core/Src/gpio.c.obj
 .debug_aranges
                0x00001b28       0x30 CMakeFiles/TY_H723_CMake_1.dir/Core/Src/adc.c.obj
 .debug_aranges
                0x00001b58       0x40 CMakeFiles/TY_H723_CMake_1.dir/Core/Src/fdcan.c.obj
 .debug_aranges
                0x00001b98       0x40 CMakeFiles/TY_H723_CMake_1.dir/Core/Src/i2c.c.obj
 .debug_aranges
                0x00001bd8       0x30 CMakeFiles/TY_H723_CMake_1.dir/Core/Src/spi.c.obj
 .debug_aranges
                0x00001c08       0x40 CMakeFiles/TY_H723_CMake_1.dir/Core/Src/tim.c.obj
 .debug_aranges
                0x00001c48       0x78 CMakeFiles/TY_H723_CMake_1.dir/Core/Src/usart.c.obj
 .debug_aranges
                0x00001cc0       0x60 CMakeFiles/TY_H723_CMake_1.dir/Core/Src/stm32h7xx_it.c.obj
 .debug_aranges
                0x00001d20       0x20 CMakeFiles/TY_H723_CMake_1.dir/Core/Src/stm32h7xx_hal_msp.c.obj
 .debug_aranges
                0x00001d40       0x28 CMakeFiles/TY_H723_CMake_1.dir/startup_stm32h723xx.s.obj
 .debug_aranges
                0x00001d68       0x28 CMakeFiles/TY_H723_CMake_1.dir/User/App/api_main.cpp.obj

.debug_rnglists
                0x00000000     0x1722
 .debug_rnglists
                0x00000000       0x21 cmake/stm32cubemx/CMakeFiles/STM32_Drivers.dir/__/__/Core/Src/system_stm32h7xx.c.obj
 .debug_rnglists
                0x00000021      0x1db cmake/stm32cubemx/CMakeFiles/STM32_Drivers.dir/__/__/Drivers/STM32H7xx_HAL_Driver/Src/stm32h7xx_hal_adc.c.obj
 .debug_rnglists
                0x000001fc      0x188 cmake/stm32cubemx/CMakeFiles/STM32_Drivers.dir/__/__/Drivers/STM32H7xx_HAL_Driver/Src/stm32h7xx_hal_adc_ex.c.obj
 .debug_rnglists
                0x00000384       0x68 cmake/stm32cubemx/CMakeFiles/STM32_Drivers.dir/__/__/Drivers/STM32H7xx_HAL_Driver/Src/stm32h7xx_hal_rcc.c.obj
 .debug_rnglists
                0x000003ec       0xc0 cmake/stm32cubemx/CMakeFiles/STM32_Drivers.dir/__/__/Drivers/STM32H7xx_HAL_Driver/Src/stm32h7xx_hal_rcc_ex.c.obj
 .debug_rnglists
                0x000004ac       0x3f cmake/stm32cubemx/CMakeFiles/STM32_Drivers.dir/__/__/Drivers/STM32H7xx_HAL_Driver/Src/stm32h7xx_hal_gpio.c.obj
 .debug_rnglists
                0x000004eb       0xf5 cmake/stm32cubemx/CMakeFiles/STM32_Drivers.dir/__/__/Drivers/STM32H7xx_HAL_Driver/Src/stm32h7xx_hal_pwr_ex.c.obj
 .debug_rnglists
                0x000005e0       0xe0 cmake/stm32cubemx/CMakeFiles/STM32_Drivers.dir/__/__/Drivers/STM32H7xx_HAL_Driver/Src/stm32h7xx_hal_cortex.c.obj
 .debug_rnglists
                0x000006c0      0x155 cmake/stm32cubemx/CMakeFiles/STM32_Drivers.dir/__/__/Drivers/STM32H7xx_HAL_Driver/Src/stm32h7xx_hal.c.obj
 .debug_rnglists
                0x00000815      0x22a cmake/stm32cubemx/CMakeFiles/STM32_Drivers.dir/__/__/Drivers/STM32H7xx_HAL_Driver/Src/stm32h7xx_hal_i2c.c.obj
 .debug_rnglists
                0x00000a3f       0x35 cmake/stm32cubemx/CMakeFiles/STM32_Drivers.dir/__/__/Drivers/STM32H7xx_HAL_Driver/Src/stm32h7xx_hal_i2c_ex.c.obj
 .debug_rnglists
                0x00000a74      0x28b cmake/stm32cubemx/CMakeFiles/STM32_Drivers.dir/__/__/Drivers/STM32H7xx_HAL_Driver/Src/stm32h7xx_hal_fdcan.c.obj
 .debug_rnglists
                0x00000cff      0x148 cmake/stm32cubemx/CMakeFiles/STM32_Drivers.dir/__/__/Drivers/STM32H7xx_HAL_Driver/Src/stm32h7xx_hal_spi.c.obj
 .debug_rnglists
                0x00000e47      0x328 cmake/stm32cubemx/CMakeFiles/STM32_Drivers.dir/__/__/Drivers/STM32H7xx_HAL_Driver/Src/stm32h7xx_hal_tim.c.obj
 .debug_rnglists
                0x0000116f      0x14d cmake/stm32cubemx/CMakeFiles/STM32_Drivers.dir/__/__/Drivers/STM32H7xx_HAL_Driver/Src/stm32h7xx_hal_tim_ex.c.obj
 .debug_rnglists
                0x000012bc      0x1fa cmake/stm32cubemx/CMakeFiles/STM32_Drivers.dir/__/__/Drivers/STM32H7xx_HAL_Driver/Src/stm32h7xx_hal_uart.c.obj
 .debug_rnglists
                0x000014b6       0x7f cmake/stm32cubemx/CMakeFiles/STM32_Drivers.dir/__/__/Drivers/STM32H7xx_HAL_Driver/Src/stm32h7xx_hal_uart_ex.c.obj
 .debug_rnglists
                0x00001535       0x20 CMakeFiles/TY_H723_CMake_1.dir/Core/Src/main.c.obj
 .debug_rnglists
                0x00001555       0x14 CMakeFiles/TY_H723_CMake_1.dir/Core/Src/gpio.c.obj
 .debug_rnglists
                0x00001569       0x21 CMakeFiles/TY_H723_CMake_1.dir/Core/Src/adc.c.obj
 .debug_rnglists
                0x0000158a       0x30 CMakeFiles/TY_H723_CMake_1.dir/Core/Src/fdcan.c.obj
 .debug_rnglists
                0x000015ba       0x30 CMakeFiles/TY_H723_CMake_1.dir/Core/Src/i2c.c.obj
 .debug_rnglists
                0x000015ea       0x21 CMakeFiles/TY_H723_CMake_1.dir/Core/Src/spi.c.obj
 .debug_rnglists
                0x0000160b       0x2e CMakeFiles/TY_H723_CMake_1.dir/Core/Src/tim.c.obj
 .debug_rnglists
                0x00001639       0x61 CMakeFiles/TY_H723_CMake_1.dir/Core/Src/usart.c.obj
 .debug_rnglists
                0x0000169a       0x43 CMakeFiles/TY_H723_CMake_1.dir/Core/Src/stm32h7xx_it.c.obj
 .debug_rnglists
                0x000016dd       0x13 CMakeFiles/TY_H723_CMake_1.dir/Core/Src/stm32h7xx_hal_msp.c.obj
 .debug_rnglists
                0x000016f0       0x19 CMakeFiles/TY_H723_CMake_1.dir/startup_stm32h723xx.s.obj
 .debug_rnglists
                0x00001709       0x19 CMakeFiles/TY_H723_CMake_1.dir/User/App/api_main.cpp.obj

.debug_macro    0x00000000    0x3c169
 .debug_macro   0x00000000      0x2e0 cmake/stm32cubemx/CMakeFiles/STM32_Drivers.dir/__/__/Core/Src/system_stm32h7xx.c.obj
 .debug_macro   0x000002e0      0xaf6 cmake/stm32cubemx/CMakeFiles/STM32_Drivers.dir/__/__/Core/Src/system_stm32h7xx.c.obj
 .debug_macro   0x00000dd6       0x2e cmake/stm32cubemx/CMakeFiles/STM32_Drivers.dir/__/__/Core/Src/system_stm32h7xx.c.obj
 .debug_macro   0x00000e04       0x3b cmake/stm32cubemx/CMakeFiles/STM32_Drivers.dir/__/__/Core/Src/system_stm32h7xx.c.obj
 .debug_macro   0x00000e3f       0x22 cmake/stm32cubemx/CMakeFiles/STM32_Drivers.dir/__/__/Core/Src/system_stm32h7xx.c.obj
 .debug_macro   0x00000e61       0x8e cmake/stm32cubemx/CMakeFiles/STM32_Drivers.dir/__/__/Core/Src/system_stm32h7xx.c.obj
 .debug_macro   0x00000eef       0x51 cmake/stm32cubemx/CMakeFiles/STM32_Drivers.dir/__/__/Core/Src/system_stm32h7xx.c.obj
 .debug_macro   0x00000f40      0x103 cmake/stm32cubemx/CMakeFiles/STM32_Drivers.dir/__/__/Core/Src/system_stm32h7xx.c.obj
 .debug_macro   0x00001043       0x6a cmake/stm32cubemx/CMakeFiles/STM32_Drivers.dir/__/__/Core/Src/system_stm32h7xx.c.obj
 .debug_macro   0x000010ad      0x1df cmake/stm32cubemx/CMakeFiles/STM32_Drivers.dir/__/__/Core/Src/system_stm32h7xx.c.obj
 .debug_macro   0x0000128c       0x1c cmake/stm32cubemx/CMakeFiles/STM32_Drivers.dir/__/__/Core/Src/system_stm32h7xx.c.obj
 .debug_macro   0x000012a8       0x22 cmake/stm32cubemx/CMakeFiles/STM32_Drivers.dir/__/__/Core/Src/system_stm32h7xx.c.obj
 .debug_macro   0x000012ca       0xfb cmake/stm32cubemx/CMakeFiles/STM32_Drivers.dir/__/__/Core/Src/system_stm32h7xx.c.obj
 .debug_macro   0x000013c5     0x1305 cmake/stm32cubemx/CMakeFiles/STM32_Drivers.dir/__/__/Core/Src/system_stm32h7xx.c.obj
 .debug_macro   0x000026ca      0x11f cmake/stm32cubemx/CMakeFiles/STM32_Drivers.dir/__/__/Core/Src/system_stm32h7xx.c.obj
 .debug_macro   0x000027e9       0x27 cmake/stm32cubemx/CMakeFiles/STM32_Drivers.dir/__/__/Core/Src/system_stm32h7xx.c.obj
 .debug_macro   0x00002810    0x216c1 cmake/stm32cubemx/CMakeFiles/STM32_Drivers.dir/__/__/Core/Src/system_stm32h7xx.c.obj
 .debug_macro   0x00023ed1       0x6d cmake/stm32cubemx/CMakeFiles/STM32_Drivers.dir/__/__/Core/Src/system_stm32h7xx.c.obj
 .debug_macro   0x00023f3e      0x24a cmake/stm32cubemx/CMakeFiles/STM32_Drivers.dir/__/__/Core/Src/system_stm32h7xx.c.obj
 .debug_macro   0x00024188     0x3d64 cmake/stm32cubemx/CMakeFiles/STM32_Drivers.dir/__/__/Core/Src/system_stm32h7xx.c.obj
 .debug_macro   0x00027eec      0x190 cmake/stm32cubemx/CMakeFiles/STM32_Drivers.dir/__/__/Core/Src/system_stm32h7xx.c.obj
 .debug_macro   0x0002807c       0x7b cmake/stm32cubemx/CMakeFiles/STM32_Drivers.dir/__/__/Core/Src/system_stm32h7xx.c.obj
 .debug_macro   0x000280f7       0x29 cmake/stm32cubemx/CMakeFiles/STM32_Drivers.dir/__/__/Core/Src/system_stm32h7xx.c.obj
 .debug_macro   0x00028120       0x3c cmake/stm32cubemx/CMakeFiles/STM32_Drivers.dir/__/__/Core/Src/system_stm32h7xx.c.obj
 .debug_macro   0x0002815c       0x34 cmake/stm32cubemx/CMakeFiles/STM32_Drivers.dir/__/__/Core/Src/system_stm32h7xx.c.obj
 .debug_macro   0x00028190      0x364 cmake/stm32cubemx/CMakeFiles/STM32_Drivers.dir/__/__/Core/Src/system_stm32h7xx.c.obj
 .debug_macro   0x000284f4       0x16 cmake/stm32cubemx/CMakeFiles/STM32_Drivers.dir/__/__/Core/Src/system_stm32h7xx.c.obj
 .debug_macro   0x0002850a       0x4a cmake/stm32cubemx/CMakeFiles/STM32_Drivers.dir/__/__/Core/Src/system_stm32h7xx.c.obj
 .debug_macro   0x00028554       0x34 cmake/stm32cubemx/CMakeFiles/STM32_Drivers.dir/__/__/Core/Src/system_stm32h7xx.c.obj
 .debug_macro   0x00028588       0x10 cmake/stm32cubemx/CMakeFiles/STM32_Drivers.dir/__/__/Core/Src/system_stm32h7xx.c.obj
 .debug_macro   0x00028598       0x58 cmake/stm32cubemx/CMakeFiles/STM32_Drivers.dir/__/__/Core/Src/system_stm32h7xx.c.obj
 .debug_macro   0x000285f0      0x1e5 cmake/stm32cubemx/CMakeFiles/STM32_Drivers.dir/__/__/Core/Src/system_stm32h7xx.c.obj
 .debug_macro   0x000287d5      0x19b cmake/stm32cubemx/CMakeFiles/STM32_Drivers.dir/__/__/Core/Src/system_stm32h7xx.c.obj
 .debug_macro   0x00028970       0x5d cmake/stm32cubemx/CMakeFiles/STM32_Drivers.dir/__/__/Core/Src/system_stm32h7xx.c.obj
 .debug_macro   0x000289cd     0x2462 cmake/stm32cubemx/CMakeFiles/STM32_Drivers.dir/__/__/Core/Src/system_stm32h7xx.c.obj
 .debug_macro   0x0002ae2f     0x1079 cmake/stm32cubemx/CMakeFiles/STM32_Drivers.dir/__/__/Core/Src/system_stm32h7xx.c.obj
 .debug_macro   0x0002bea8      0x154 cmake/stm32cubemx/CMakeFiles/STM32_Drivers.dir/__/__/Core/Src/system_stm32h7xx.c.obj
 .debug_macro   0x0002bffc      0x114 cmake/stm32cubemx/CMakeFiles/STM32_Drivers.dir/__/__/Core/Src/system_stm32h7xx.c.obj
 .debug_macro   0x0002c110      0x3fc cmake/stm32cubemx/CMakeFiles/STM32_Drivers.dir/__/__/Core/Src/system_stm32h7xx.c.obj
 .debug_macro   0x0002c50c       0xac cmake/stm32cubemx/CMakeFiles/STM32_Drivers.dir/__/__/Core/Src/system_stm32h7xx.c.obj
 .debug_macro   0x0002c5b8      0x788 cmake/stm32cubemx/CMakeFiles/STM32_Drivers.dir/__/__/Core/Src/system_stm32h7xx.c.obj
 .debug_macro   0x0002cd40      0x228 cmake/stm32cubemx/CMakeFiles/STM32_Drivers.dir/__/__/Core/Src/system_stm32h7xx.c.obj
 .debug_macro   0x0002cf68       0x66 cmake/stm32cubemx/CMakeFiles/STM32_Drivers.dir/__/__/Core/Src/system_stm32h7xx.c.obj
 .debug_macro   0x0002cfce      0x3a6 cmake/stm32cubemx/CMakeFiles/STM32_Drivers.dir/__/__/Core/Src/system_stm32h7xx.c.obj
 .debug_macro   0x0002d374      0x3f9 cmake/stm32cubemx/CMakeFiles/STM32_Drivers.dir/__/__/Core/Src/system_stm32h7xx.c.obj
 .debug_macro   0x0002d76d      0x275 cmake/stm32cubemx/CMakeFiles/STM32_Drivers.dir/__/__/Core/Src/system_stm32h7xx.c.obj
 .debug_macro   0x0002d9e2     0x1178 cmake/stm32cubemx/CMakeFiles/STM32_Drivers.dir/__/__/Core/Src/system_stm32h7xx.c.obj
 .debug_macro   0x0002eb5a      0x7c8 cmake/stm32cubemx/CMakeFiles/STM32_Drivers.dir/__/__/Core/Src/system_stm32h7xx.c.obj
 .debug_macro   0x0002f322      0x3bb cmake/stm32cubemx/CMakeFiles/STM32_Drivers.dir/__/__/Core/Src/system_stm32h7xx.c.obj
 .debug_macro   0x0002f6dd      0xe42 cmake/stm32cubemx/CMakeFiles/STM32_Drivers.dir/__/__/Core/Src/system_stm32h7xx.c.obj
 .debug_macro   0x0003051f      0x3ca cmake/stm32cubemx/CMakeFiles/STM32_Drivers.dir/__/__/Core/Src/system_stm32h7xx.c.obj
 .debug_macro   0x000308e9      0x45c cmake/stm32cubemx/CMakeFiles/STM32_Drivers.dir/__/__/Core/Src/system_stm32h7xx.c.obj
 .debug_macro   0x00030d45       0x3c cmake/stm32cubemx/CMakeFiles/STM32_Drivers.dir/__/__/Core/Src/system_stm32h7xx.c.obj
 .debug_macro   0x00030d81       0x4a cmake/stm32cubemx/CMakeFiles/STM32_Drivers.dir/__/__/Core/Src/system_stm32h7xx.c.obj
 .debug_macro   0x00030dcb      0x22c cmake/stm32cubemx/CMakeFiles/STM32_Drivers.dir/__/__/Core/Src/system_stm32h7xx.c.obj
 .debug_macro   0x00030ff7       0x67 cmake/stm32cubemx/CMakeFiles/STM32_Drivers.dir/__/__/Core/Src/system_stm32h7xx.c.obj
 .debug_macro   0x0003105e       0xa5 cmake/stm32cubemx/CMakeFiles/STM32_Drivers.dir/__/__/Core/Src/system_stm32h7xx.c.obj
 .debug_macro   0x00031103      0x1c4 cmake/stm32cubemx/CMakeFiles/STM32_Drivers.dir/__/__/Core/Src/system_stm32h7xx.c.obj
 .debug_macro   0x000312c7      0x22a cmake/stm32cubemx/CMakeFiles/STM32_Drivers.dir/__/__/Core/Src/system_stm32h7xx.c.obj
 .debug_macro   0x000314f1       0x35 cmake/stm32cubemx/CMakeFiles/STM32_Drivers.dir/__/__/Core/Src/system_stm32h7xx.c.obj
 .debug_macro   0x00031526      0x5e4 cmake/stm32cubemx/CMakeFiles/STM32_Drivers.dir/__/__/Core/Src/system_stm32h7xx.c.obj
 .debug_macro   0x00031b0a       0xc1 cmake/stm32cubemx/CMakeFiles/STM32_Drivers.dir/__/__/Core/Src/system_stm32h7xx.c.obj
 .debug_macro   0x00031bcb      0xb24 cmake/stm32cubemx/CMakeFiles/STM32_Drivers.dir/__/__/Core/Src/system_stm32h7xx.c.obj
 .debug_macro   0x000326ef      0x29f cmake/stm32cubemx/CMakeFiles/STM32_Drivers.dir/__/__/Core/Src/system_stm32h7xx.c.obj
 .debug_macro   0x0003298e      0x693 cmake/stm32cubemx/CMakeFiles/STM32_Drivers.dir/__/__/Core/Src/system_stm32h7xx.c.obj
 .debug_macro   0x00033021       0xa6 cmake/stm32cubemx/CMakeFiles/STM32_Drivers.dir/__/__/Core/Src/system_stm32h7xx.c.obj
 .debug_macro   0x000330c7      0x5f2 cmake/stm32cubemx/CMakeFiles/STM32_Drivers.dir/__/__/Core/Src/system_stm32h7xx.c.obj
 .debug_macro   0x000336b9      0x30b cmake/stm32cubemx/CMakeFiles/STM32_Drivers.dir/__/__/Drivers/STM32H7xx_HAL_Driver/Src/stm32h7xx_hal_adc.c.obj
 .debug_macro   0x000339c4      0x2ec cmake/stm32cubemx/CMakeFiles/STM32_Drivers.dir/__/__/Drivers/STM32H7xx_HAL_Driver/Src/stm32h7xx_hal_adc_ex.c.obj
 .debug_macro   0x00033cb0      0x304 cmake/stm32cubemx/CMakeFiles/STM32_Drivers.dir/__/__/Drivers/STM32H7xx_HAL_Driver/Src/stm32h7xx_hal_rcc.c.obj
 .debug_macro   0x00033fb4      0x2fe cmake/stm32cubemx/CMakeFiles/STM32_Drivers.dir/__/__/Drivers/STM32H7xx_HAL_Driver/Src/stm32h7xx_hal_rcc_ex.c.obj
 .debug_macro   0x000342b2      0x2e7 cmake/stm32cubemx/CMakeFiles/STM32_Drivers.dir/__/__/Drivers/STM32H7xx_HAL_Driver/Src/stm32h7xx_hal_gpio.c.obj
 .debug_macro   0x00034599      0x319 cmake/stm32cubemx/CMakeFiles/STM32_Drivers.dir/__/__/Drivers/STM32H7xx_HAL_Driver/Src/stm32h7xx_hal_pwr_ex.c.obj
 .debug_macro   0x000348b2      0x2e0 cmake/stm32cubemx/CMakeFiles/STM32_Drivers.dir/__/__/Drivers/STM32H7xx_HAL_Driver/Src/stm32h7xx_hal_cortex.c.obj
 .debug_macro   0x00034b92      0x30a cmake/stm32cubemx/CMakeFiles/STM32_Drivers.dir/__/__/Drivers/STM32H7xx_HAL_Driver/Src/stm32h7xx_hal.c.obj
 .debug_macro   0x00034e9c      0x3ac cmake/stm32cubemx/CMakeFiles/STM32_Drivers.dir/__/__/Drivers/STM32H7xx_HAL_Driver/Src/stm32h7xx_hal_i2c.c.obj
 .debug_macro   0x00035248      0x2e0 cmake/stm32cubemx/CMakeFiles/STM32_Drivers.dir/__/__/Drivers/STM32H7xx_HAL_Driver/Src/stm32h7xx_hal_i2c_ex.c.obj
 .debug_macro   0x00035528      0x3a5 cmake/stm32cubemx/CMakeFiles/STM32_Drivers.dir/__/__/Drivers/STM32H7xx_HAL_Driver/Src/stm32h7xx_hal_fdcan.c.obj
 .debug_macro   0x000358cd      0x2e8 cmake/stm32cubemx/CMakeFiles/STM32_Drivers.dir/__/__/Drivers/STM32H7xx_HAL_Driver/Src/stm32h7xx_hal_spi.c.obj
 .debug_macro   0x00035bb5      0x2e1 cmake/stm32cubemx/CMakeFiles/STM32_Drivers.dir/__/__/Drivers/STM32H7xx_HAL_Driver/Src/stm32h7xx_hal_tim.c.obj
 .debug_macro   0x00035e96      0x2e6 cmake/stm32cubemx/CMakeFiles/STM32_Drivers.dir/__/__/Drivers/STM32H7xx_HAL_Driver/Src/stm32h7xx_hal_tim_ex.c.obj
 .debug_macro   0x0003617c      0x30b cmake/stm32cubemx/CMakeFiles/STM32_Drivers.dir/__/__/Drivers/STM32H7xx_HAL_Driver/Src/stm32h7xx_hal_uart.c.obj